Using pre-set license
Built from '2022.3/staging' branch; Version is '2022.3.8f1 (b5eafc012955) revision 11922172'; Using compiler version '192829333'; Build Type 'Release'
OS: 'Windows 10  (10.0.19044) 64bit Core' Language: 'en' Physical Memory: 16314 MB
BatchMode: 1, IsHumanControllingUs: 0, StartBugReporterOnCrash: 0, Is64bit: 1, IsPro: 1

COMMAND LINE ARGUMENTS:
C:\Program Files\Unity\Hub\Editor\2022.3.8f1\Editor\Unity.exe
-adb2
-batchMode
-noUpm
-name
AssetImportWorker9
-projectPath
C:/Users/liamw/OneDrive/Documents/GitHub/GameAesthetic/game aesthetic
-logFile
Logs/AssetImportWorker9.log
-srvPort
58875
Successfully changed project path to: C:/Users/liamw/OneDrive/Documents/GitHub/GameAesthetic/game aesthetic
C:/Users/liamw/OneDrive/Documents/GitHub/GameAesthetic/game aesthetic
[UnityMemory] Configuration Parameters - Can be set up in boot.config
    "memorysetup-bucket-allocator-granularity=16"
    "memorysetup-bucket-allocator-bucket-count=8"
    "memorysetup-bucket-allocator-block-size=33554432"
    "memorysetup-bucket-allocator-block-count=8"
    "memorysetup-main-allocator-block-size=16777216"
    "memorysetup-thread-allocator-block-size=16777216"
    "memorysetup-gfx-main-allocator-block-size=16777216"
    "memorysetup-gfx-thread-allocator-block-size=16777216"
    "memorysetup-cache-allocator-block-size=4194304"
    "memorysetup-typetree-allocator-block-size=2097152"
    "memorysetup-profiler-bucket-allocator-granularity=16"
    "memorysetup-profiler-bucket-allocator-bucket-count=8"
    "memorysetup-profiler-bucket-allocator-block-size=33554432"
    "memorysetup-profiler-bucket-allocator-block-count=8"
    "memorysetup-profiler-allocator-block-size=16777216"
    "memorysetup-profiler-editor-allocator-block-size=1048576"
    "memorysetup-temp-allocator-size-main=16777216"
    "memorysetup-job-temp-allocator-block-size=2097152"
    "memorysetup-job-temp-allocator-block-size-background=1048576"
    "memorysetup-job-temp-allocator-reduction-small-platforms=262144"
    "memorysetup-allocator-temp-initial-block-size-main=262144"
    "memorysetup-allocator-temp-initial-block-size-worker=262144"
    "memorysetup-temp-allocator-size-background-worker=32768"
    "memorysetup-temp-allocator-size-job-worker=262144"
    "memorysetup-temp-allocator-size-preload-manager=33554432"
    "memorysetup-temp-allocator-size-nav-mesh-worker=65536"
    "memorysetup-temp-allocator-size-audio-worker=65536"
    "memorysetup-temp-allocator-size-cloud-worker=32768"
    "memorysetup-temp-allocator-size-gi-baking-worker=262144"
    "memorysetup-temp-allocator-size-gfx=262144"
Player connection [36720] Host "[IP] 192.168.0.104 [Port] 0 [Flags] 2 [Guid] 4080366765 [EditorId] 4080366765 [Version] 1048832 [Id] WindowsEditor(7,GameCrafter-LW) [Debug] 1 [PackageName] WindowsEditor [ProjectName] Editor" joined multi-casting on [225.0.0.222:54997]...

Player connection [36720] Host "[IP] 192.168.0.104 [Port] 0 [Flags] 2 [Guid] 4080366765 [EditorId] 4080366765 [Version] 1048832 [Id] WindowsEditor(7,GameCrafter-LW) [Debug] 1 [PackageName] WindowsEditor [ProjectName] Editor" joined alternative multi-casting on [225.0.0.222:34997]...

[Physics::Module] Initialized MultithreadedJobDispatcher with 15 workers.
Refreshing native plugins compatible for Editor in 15.97 ms, found 3 plugins.
Preloading 0 native plugins for Editor in 0.00 ms.
Initialize engine version: 2022.3.8f1 (b5eafc012955)
[Subsystems] Discovering subsystems at path C:/Program Files/Unity/Hub/Editor/2022.3.8f1/Editor/Data/Resources/UnitySubsystems
[Subsystems] Discovering subsystems at path C:/Users/liamw/OneDrive/Documents/GitHub/GameAesthetic/game aesthetic/Assets
GfxDevice: creating device client; threaded=0; jobified=0
Direct3D:
    Version:  Direct3D 11.0 [level 11.1]
    Renderer: NVIDIA GeForce RTX 2060 SUPER (ID=0x1f06)
    Vendor:   NVIDIA
    VRAM:     8006 MB
    Driver:   32.0.15.8115
Initialize mono
Mono path[0] = 'C:/Program Files/Unity/Hub/Editor/2022.3.8f1/Editor/Data/Managed'
Mono path[1] = 'C:/Program Files/Unity/Hub/Editor/2022.3.8f1/Editor/Data/MonoBleedingEdge/lib/mono/unityjit-win32'
Mono config path = 'C:/Program Files/Unity/Hub/Editor/2022.3.8f1/Editor/Data/MonoBleedingEdge/etc'
Using monoOptions --debugger-agent=transport=dt_socket,embedding=1,server=y,suspend=n,address=127.0.0.1:56116
Begin MonoManager ReloadAssembly
Registering precompiled unity dll's ...
Register platform support module: C:/Program Files/Unity/Hub/Editor/2022.3.8f1/Editor/Data/PlaybackEngines/WindowsStandaloneSupport/UnityEditor.WindowsStandalone.Extensions.dll
Registered in 0.014531 seconds.
- Loaded All Assemblies, in  0.460 seconds
Native extension for WindowsStandalone target not found
Mono: successfully reloaded assembly
- Finished resetting the current domain, in  0.348 seconds
Domain Reload Profiling: 804ms
	BeginReloadAssembly (142ms)
		ExecutionOrderSort (0ms)
		DisableScriptedObjects (0ms)
		BackupInstance (0ms)
		ReleaseScriptingObjects (0ms)
		CreateAndSetChildDomain (1ms)
	RebuildCommonClasses (49ms)
	RebuildNativeTypeToScriptingClass (13ms)
	initialDomainReloadingComplete (79ms)
	LoadAllAssembliesAndSetupDomain (171ms)
		LoadAssemblies (137ms)
		RebuildTransferFunctionScriptingTraits (0ms)
		AnalyzeDomain (169ms)
			TypeCache.Refresh (167ms)
				TypeCache.ScanAssembly (148ms)
			ScanForSourceGeneratedMonoScriptInfo (0ms)
			ResolveRequiredComponents (1ms)
	FinalizeReload (349ms)
		ReleaseScriptCaches (0ms)
		RebuildScriptCaches (0ms)
		SetupLoadedEditorAssemblies (265ms)
			LogAssemblyErrors (0ms)
			InitializePlatformSupportModulesInManaged (15ms)
			SetLoadedEditorAssemblies (8ms)
			RefreshPlugins (0ms)
			BeforeProcessingInitializeOnLoad (3ms)
			ProcessInitializeOnLoadAttributes (166ms)
			ProcessInitializeOnLoadMethodAttributes (73ms)
			AfterProcessingInitializeOnLoad (0ms)
			EditorAssembliesLoaded (0ms)
		ExecutionOrderSort2 (0ms)
		AwakeInstancesAfterBackupRestoration (0ms)
========================================================================
Worker process is ready to serve import requests
Begin MonoManager ReloadAssembly
- Loaded All Assemblies, in  0.834 seconds
Refreshing native plugins compatible for Editor in 5.94 ms, found 3 plugins.
Native extension for WindowsStandalone target not found
Mono: successfully reloaded assembly
- Finished resetting the current domain, in  0.959 seconds
Domain Reload Profiling: 1785ms
	BeginReloadAssembly (194ms)
		ExecutionOrderSort (0ms)
		DisableScriptedObjects (6ms)
		BackupInstance (0ms)
		ReleaseScriptingObjects (0ms)
		CreateAndSetChildDomain (25ms)
	RebuildCommonClasses (40ms)
	RebuildNativeTypeToScriptingClass (12ms)
	initialDomainReloadingComplete (57ms)
	LoadAllAssembliesAndSetupDomain (524ms)
		LoadAssemblies (417ms)
		RebuildTransferFunctionScriptingTraits (0ms)
		AnalyzeDomain (226ms)
			TypeCache.Refresh (192ms)
				TypeCache.ScanAssembly (177ms)
			ScanForSourceGeneratedMonoScriptInfo (22ms)
			ResolveRequiredComponents (10ms)
	FinalizeReload (959ms)
		ReleaseScriptCaches (0ms)
		RebuildScriptCaches (0ms)
		SetupLoadedEditorAssemblies (783ms)
			LogAssemblyErrors (0ms)
			InitializePlatformSupportModulesInManaged (10ms)
			SetLoadedEditorAssemblies (5ms)
			RefreshPlugins (0ms)
			BeforeProcessingInitializeOnLoad (89ms)
			ProcessInitializeOnLoadAttributes (643ms)
			ProcessInitializeOnLoadMethodAttributes (20ms)
			AfterProcessingInitializeOnLoad (16ms)
			EditorAssembliesLoaded (0ms)
		ExecutionOrderSort2 (0ms)
		AwakeInstancesAfterBackupRestoration (14ms)
Launched and connected shader compiler UnityShaderCompiler.exe after 0.13 seconds
Refreshing native plugins compatible for Editor in 6.03 ms, found 3 plugins.
Preloading 0 native plugins for Editor in 0.00 ms.
Unloading 3790 Unused Serialized files (Serialized files now loaded: 0)
Unloading 37 unused Assets / (57.7 KB). Loaded Objects now: 4281.
Memory consumption went from 151.6 MB to 151.6 MB.
Total: 4.480300 ms (FindLiveObjects: 0.387400 ms CreateObjectMapping: 0.105900 ms MarkObjects: 3.857500 ms  DeleteObjects: 0.128300 ms)

AssetImportParameters requested are different than current active one (requested -> active):
  custom:container-demuxer-ogg: 62fdf1f143b41e24485cea50d1cbac27 -> 
  custom:scripting/monoscript/fileName/button.cs: c000ade5b3c46d05cea7380b75b556f5 -> 
  custom:video-decoder-ogg-theora: a1e56fd34408186e4bbccfd4996cb3dc -> 
  custom:framework-win-MediaFoundation: 216162199b28c13a410421893ffa2e32 -> 
  custom:CustomObjectIndexerAttribute: 756ad292c208cfabdd7b50bc23989ffe -> 
  custom:container-demuxer-webm: 4f35f7cbe854078d1ac9338744f61a02 -> 
  custom:container-muxer-webm: aa71ff27fc2769a1b78a27578f13a17b -> 
  custom:video-decoder-webm-vp8: 9c59270c3fd7afecdb556c50c9e8de78 -> 
  custom:SearchIndexIgnoredProperties: e643bd26f0fe6173181afceb89e7c659 -> 
  custom:AudioImporter_EditorPlatform: d09bf68614088b80899f8185d706f6e7 -> 
  custom:video-encoder-webm-vp8: eb34c28f22e8b96e1ab97ce403110664 -> 
  custom:audio-decoder-ogg-vorbis: bf7c407c2cedff20999df2af8eb42d56 -> 
  custom:scripting/monoscript/fileName/BuySystem.cs: f72b59f179b11b3943d46e8bd1f64f72 -> f5af2869d293c8ae9fbbc6acb87c8105
  custom:audio-encoder-webm-vorbis: bf7c407c2cedff20999df2af8eb42d56 -> 
  custom:scripting/monoscript/fileName/ConstructionSlot.cs: f8b8ac37ca3e339f19c7d3f7df9e75c0 -> 48eeba72f7daccac8d70103b679d0378
========================================================================
Received Import Request.
  Time since last request: 190564.994470 seconds.
  path: Assets/Stuff/Houses/House 2.prefab
  artifactKey: Guid(b1667a5e04af74d48819794cbd9e27b2) Importer(815301076,1909f56bfc062723c751e8b465ee728b)
Start importing Assets/Stuff/Houses/House 2.prefab using Guid(b1667a5e04af74d48819794cbd9e27b2) Importer(815301076,1909f56bfc062723c751e8b465ee728b)  -> (artifact id: '06a37e03891d8bdc34454862c41c5b98') in 0.137042 seconds
Number of updated asset objects reloaded before import = 0
Number of asset objects unloaded after import = 14
========================================================================
Received Import Request.
  Time since last request: 114.240551 seconds.
  path: Assets/Stuff/Houses/House 2.prefab
  artifactKey: Guid(b1667a5e04af74d48819794cbd9e27b2) Importer(815301076,1909f56bfc062723c751e8b465ee728b)
Start importing Assets/Stuff/Houses/House 2.prefab using Guid(b1667a5e04af74d48819794cbd9e27b2) Importer(815301076,1909f56bfc062723c751e8b465ee728b)  -> (artifact id: '2c630d0bfcd954d8982f6ef2b628d523') in 0.015788 seconds
Number of updated asset objects reloaded before import = 0
Number of asset objects unloaded after import = 16
========================================================================
Received Import Request.
  Time since last request: 0.004901 seconds.
  path: Assets/Stuff/Houses/House 5.prefab
  artifactKey: Guid(a883aae1b1d862745a6339681abb5043) Importer(815301076,1909f56bfc062723c751e8b465ee728b)
Start importing Assets/Stuff/Houses/House 5.prefab using Guid(a883aae1b1d862745a6339681abb5043) Importer(815301076,1909f56bfc062723c751e8b465ee728b)  -> (artifact id: '48d84702baef45ec258d4789032a7ae3') in 0.023914 seconds
Number of updated asset objects reloaded before import = 0
Number of asset objects unloaded after import = 16
========================================================================
Received Import Request.
  Time since last request: 0.000027 seconds.
  path: Assets/Stuff/Houses/House 15.prefab
  artifactKey: Guid(b11bbdc5e9fe2d7429478a4592e44a2d) Importer(815301076,1909f56bfc062723c751e8b465ee728b)
Start importing Assets/Stuff/Houses/House 15.prefab using Guid(b11bbdc5e9fe2d7429478a4592e44a2d) Importer(815301076,1909f56bfc062723c751e8b465ee728b)  -> (artifact id: '46860c738d244e566ecd377cf7aa63d1') in 0.018655 seconds
Number of updated asset objects reloaded before import = 0
Number of asset objects unloaded after import = 16
========================================================================
Received Import Request.
  Time since last request: 0.000037 seconds.
  path: Assets/Stuff/Houses/House 14.prefab
  artifactKey: Guid(f5ebf8004a949cb4dab8d7112eb5a5df) Importer(815301076,1909f56bfc062723c751e8b465ee728b)
Start importing Assets/Stuff/Houses/House 14.prefab using Guid(f5ebf8004a949cb4dab8d7112eb5a5df) Importer(815301076,1909f56bfc062723c751e8b465ee728b)  -> (artifact id: '9329b6e5ca31de0e0a56bb3821a85026') in 0.015512 seconds
Number of updated asset objects reloaded before import = 0
Number of asset objects unloaded after import = 16
========================================================================
Received Import Request.
  Time since last request: 0.000030 seconds.
  path: Assets/Stuff/Houses/House 8.prefab
  artifactKey: Guid(5a3c3f5a037e45546afc0e888f70ddaa) Importer(815301076,1909f56bfc062723c751e8b465ee728b)
Start importing Assets/Stuff/Houses/House 8.prefab using Guid(5a3c3f5a037e45546afc0e888f70ddaa) Importer(815301076,1909f56bfc062723c751e8b465ee728b)  -> (artifact id: 'fea2d2c023852468342a3ace5c056c1e') in 0.021623 seconds
Number of updated asset objects reloaded before import = 0
Number of asset objects unloaded after import = 16
========================================================================
Received Import Request.
  Time since last request: 0.000041 seconds.
  path: Assets/Stuff/Houses/House 4.prefab
  artifactKey: Guid(779cb7a0b0ad04f47af0f2c2c28fcef4) Importer(815301076,1909f56bfc062723c751e8b465ee728b)
Start importing Assets/Stuff/Houses/House 4.prefab using Guid(779cb7a0b0ad04f47af0f2c2c28fcef4) Importer(815301076,1909f56bfc062723c751e8b465ee728b)  -> (artifact id: '4e9b84de7d775e5868f8a2fb74657e40') in 0.012904 seconds
Number of updated asset objects reloaded before import = 0
Number of asset objects unloaded after import = 16
========================================================================
Received Import Request.
  Time since last request: 0.000033 seconds.
  path: Assets/Stuff/Houses/House 3.prefab
  artifactKey: Guid(d49c26ae4bb110b4b89e35fe32e4df5f) Importer(815301076,1909f56bfc062723c751e8b465ee728b)
Start importing Assets/Stuff/Houses/House 3.prefab using Guid(d49c26ae4bb110b4b89e35fe32e4df5f) Importer(815301076,1909f56bfc062723c751e8b465ee728b)  -> (artifact id: '118fc44729672fe71ab85189b26cfda0') in 0.013206 seconds
Number of updated asset objects reloaded before import = 0
Number of asset objects unloaded after import = 16
Editor requested this worker to shutdown with reason: Scaling down because of idle timeout
TcpMessagingSession - receive error: operation aborted. errorcode: 995, details: The I/O operation has been aborted because of either a thread exit or an application request.
AssetImportWorker is now disconnected from the server
Process exiting
Exiting without the bug reporter. Application will terminate with return code 0