Using pre-set license
Built from '2022.3/staging' branch; Version is '2022.3.8f1 (b5eafc012955) revision 11922172'; Using compiler version '192829333'; Build Type 'Release'
OS: 'Windows 10  (10.0.19044) 64bit Core' Language: 'en' Physical Memory: 16314 MB
BatchMode: 1, IsHumanControllingUs: 0, StartBugReporterOnCrash: 0, Is64bit: 1, IsPro: 1

COMMAND LINE ARGUMENTS:
C:\Program Files\Unity\Hub\Editor\2022.3.8f1\Editor\Unity.exe
-adb2
-batchMode
-noUpm
-name
AssetImportWorker3
-projectPath
C:/Users/liamw/OneDrive/Documents/GitHub/GameAesthetic/game aesthetic
-logFile
Logs/AssetImportWorker3.log
-srvPort
62779
Successfully changed project path to: C:/Users/liamw/OneDrive/Documents/GitHub/GameAesthetic/game aesthetic
C:/Users/liamw/OneDrive/Documents/GitHub/GameAesthetic/game aesthetic
[UnityMemory] Configuration Parameters - Can be set up in boot.config
    "memorysetup-bucket-allocator-granularity=16"
    "memorysetup-bucket-allocator-bucket-count=8"
    "memorysetup-bucket-allocator-block-size=33554432"
    "memorysetup-bucket-allocator-block-count=8"
    "memorysetup-main-allocator-block-size=16777216"
    "memorysetup-thread-allocator-block-size=16777216"
    "memorysetup-gfx-main-allocator-block-size=16777216"
    "memorysetup-gfx-thread-allocator-block-size=16777216"
    "memorysetup-cache-allocator-block-size=4194304"
    "memorysetup-typetree-allocator-block-size=2097152"
    "memorysetup-profiler-bucket-allocator-granularity=16"
    "memorysetup-profiler-bucket-allocator-bucket-count=8"
    "memorysetup-profiler-bucket-allocator-block-size=33554432"
    "memorysetup-profiler-bucket-allocator-block-count=8"
    "memorysetup-profiler-allocator-block-size=16777216"
    "memorysetup-profiler-editor-allocator-block-size=1048576"
    "memorysetup-temp-allocator-size-main=16777216"
    "memorysetup-job-temp-allocator-block-size=2097152"
    "memorysetup-job-temp-allocator-block-size-background=1048576"
    "memorysetup-job-temp-allocator-reduction-small-platforms=262144"
    "memorysetup-allocator-temp-initial-block-size-main=262144"
    "memorysetup-allocator-temp-initial-block-size-worker=262144"
    "memorysetup-temp-allocator-size-background-worker=32768"
    "memorysetup-temp-allocator-size-job-worker=262144"
    "memorysetup-temp-allocator-size-preload-manager=33554432"
    "memorysetup-temp-allocator-size-nav-mesh-worker=65536"
    "memorysetup-temp-allocator-size-audio-worker=65536"
    "memorysetup-temp-allocator-size-cloud-worker=32768"
    "memorysetup-temp-allocator-size-gi-baking-worker=262144"
    "memorysetup-temp-allocator-size-gfx=262144"
Player connection [10160] Host "[IP] 192.168.0.104 [Port] 0 [Flags] 2 [Guid] 2205223523 [EditorId] 2205223523 [Version] 1048832 [Id] WindowsEditor(7,GameCrafter-LW) [Debug] 1 [PackageName] WindowsEditor [ProjectName] Editor" joined multi-casting on [225.0.0.222:54997]...

Player connection [10160] Host "[IP] 192.168.0.104 [Port] 0 [Flags] 2 [Guid] 2205223523 [EditorId] 2205223523 [Version] 1048832 [Id] WindowsEditor(7,GameCrafter-LW) [Debug] 1 [PackageName] WindowsEditor [ProjectName] Editor" joined alternative multi-casting on [225.0.0.222:34997]...

[Physics::Module] Initialized MultithreadedJobDispatcher with 15 workers.
Refreshing native plugins compatible for Editor in 20.93 ms, found 3 plugins.
Preloading 0 native plugins for Editor in 0.00 ms.
Initialize engine version: 2022.3.8f1 (b5eafc012955)
[Subsystems] Discovering subsystems at path C:/Program Files/Unity/Hub/Editor/2022.3.8f1/Editor/Data/Resources/UnitySubsystems
[Subsystems] Discovering subsystems at path C:/Users/liamw/OneDrive/Documents/GitHub/GameAesthetic/game aesthetic/Assets
GfxDevice: creating device client; threaded=0; jobified=0
Direct3D:
    Version:  Direct3D 11.0 [level 11.1]
    Renderer: NVIDIA GeForce RTX 2060 SUPER (ID=0x1f06)
    Vendor:   NVIDIA
    VRAM:     8006 MB
    Driver:   32.0.15.8115
Initialize mono
Mono path[0] = 'C:/Program Files/Unity/Hub/Editor/2022.3.8f1/Editor/Data/Managed'
Mono path[1] = 'C:/Program Files/Unity/Hub/Editor/2022.3.8f1/Editor/Data/MonoBleedingEdge/lib/mono/unityjit-win32'
Mono config path = 'C:/Program Files/Unity/Hub/Editor/2022.3.8f1/Editor/Data/MonoBleedingEdge/etc'
Using monoOptions --debugger-agent=transport=dt_socket,embedding=1,server=y,suspend=n,address=127.0.0.1:56964
Begin MonoManager ReloadAssembly
Registering precompiled unity dll's ...
Register platform support module: C:/Program Files/Unity/Hub/Editor/2022.3.8f1/Editor/Data/PlaybackEngines/WindowsStandaloneSupport/UnityEditor.WindowsStandalone.Extensions.dll
Registered in 0.020388 seconds.
- Loaded All Assemblies, in  0.678 seconds
Native extension for WindowsStandalone target not found
Mono: successfully reloaded assembly
- Finished resetting the current domain, in  0.475 seconds
Domain Reload Profiling: 1147ms
	BeginReloadAssembly (227ms)
		ExecutionOrderSort (0ms)
		DisableScriptedObjects (0ms)
		BackupInstance (0ms)
		ReleaseScriptingObjects (0ms)
		CreateAndSetChildDomain (1ms)
	RebuildCommonClasses (66ms)
	RebuildNativeTypeToScriptingClass (18ms)
	initialDomainReloadingComplete (111ms)
	LoadAllAssembliesAndSetupDomain (249ms)
		LoadAssemblies (217ms)
		RebuildTransferFunctionScriptingTraits (0ms)
		AnalyzeDomain (245ms)
			TypeCache.Refresh (243ms)
				TypeCache.ScanAssembly (217ms)
			ScanForSourceGeneratedMonoScriptInfo (1ms)
			ResolveRequiredComponents (1ms)
	FinalizeReload (476ms)
		ReleaseScriptCaches (0ms)
		RebuildScriptCaches (0ms)
		SetupLoadedEditorAssemblies (374ms)
			LogAssemblyErrors (0ms)
			InitializePlatformSupportModulesInManaged (19ms)
			SetLoadedEditorAssemblies (13ms)
			RefreshPlugins (0ms)
			BeforeProcessingInitializeOnLoad (3ms)
			ProcessInitializeOnLoadAttributes (244ms)
			ProcessInitializeOnLoadMethodAttributes (95ms)
			AfterProcessingInitializeOnLoad (0ms)
			EditorAssembliesLoaded (0ms)
		ExecutionOrderSort2 (0ms)
		AwakeInstancesAfterBackupRestoration (0ms)
========================================================================
Worker process is ready to serve import requests
Begin MonoManager ReloadAssembly
- Loaded All Assemblies, in  1.392 seconds
Refreshing native plugins compatible for Editor in 8.61 ms, found 3 plugins.
Native extension for WindowsStandalone target not found
Mono: successfully reloaded assembly
- Finished resetting the current domain, in  1.489 seconds
Domain Reload Profiling: 2873ms
	BeginReloadAssembly (325ms)
		ExecutionOrderSort (0ms)
		DisableScriptedObjects (11ms)
		BackupInstance (0ms)
		ReleaseScriptingObjects (0ms)
		CreateAndSetChildDomain (46ms)
	RebuildCommonClasses (73ms)
	RebuildNativeTypeToScriptingClass (22ms)
	initialDomainReloadingComplete (89ms)
	LoadAllAssembliesAndSetupDomain (875ms)
		LoadAssemblies (700ms)
		RebuildTransferFunctionScriptingTraits (0ms)
		AnalyzeDomain (364ms)
			TypeCache.Refresh (309ms)
				TypeCache.ScanAssembly (282ms)
			ScanForSourceGeneratedMonoScriptInfo (38ms)
			ResolveRequiredComponents (15ms)
	FinalizeReload (1490ms)
		ReleaseScriptCaches (0ms)
		RebuildScriptCaches (0ms)
		SetupLoadedEditorAssemblies (1192ms)
			LogAssemblyErrors (0ms)
			InitializePlatformSupportModulesInManaged (17ms)
			SetLoadedEditorAssemblies (6ms)
			RefreshPlugins (0ms)
			BeforeProcessingInitializeOnLoad (133ms)
			ProcessInitializeOnLoadAttributes (988ms)
			ProcessInitializeOnLoadMethodAttributes (31ms)
			AfterProcessingInitializeOnLoad (17ms)
			EditorAssembliesLoaded (0ms)
		ExecutionOrderSort2 (0ms)
		AwakeInstancesAfterBackupRestoration (14ms)
Launched and connected shader compiler UnityShaderCompiler.exe after 0.30 seconds
Refreshing native plugins compatible for Editor in 10.72 ms, found 3 plugins.
Preloading 0 native plugins for Editor in 0.00 ms.
Unloading 3719 Unused Serialized files (Serialized files now loaded: 0)
Unloading 37 unused Assets / (57.1 KB). Loaded Objects now: 4204.
Memory consumption went from 140.2 MB to 140.1 MB.
Total: 10.019000 ms (FindLiveObjects: 0.788700 ms CreateObjectMapping: 0.215500 ms MarkObjects: 8.769600 ms  DeleteObjects: 0.241900 ms)

AssetImportParameters requested are different than current active one (requested -> active):
  custom:container-demuxer-ogg: 62fdf1f143b41e24485cea50d1cbac27 -> 
  custom:video-decoder-ogg-theora: a1e56fd34408186e4bbccfd4996cb3dc -> 
  custom:framework-win-MediaFoundation: 216162199b28c13a410421893ffa2e32 -> 
  custom:CustomObjectIndexerAttribute: 756ad292c208cfabdd7b50bc23989ffe -> 
  custom:container-demuxer-webm: 4f35f7cbe854078d1ac9338744f61a02 -> 
  custom:container-muxer-webm: aa71ff27fc2769a1b78a27578f13a17b -> 
  custom:video-decoder-webm-vp8: 9c59270c3fd7afecdb556c50c9e8de78 -> 
  custom:SearchIndexIgnoredProperties: e643bd26f0fe6173181afceb89e7c659 -> 
  custom:AudioImporter_EditorPlatform: d09bf68614088b80899f8185d706f6e7 -> 
  custom:video-encoder-webm-vp8: eb34c28f22e8b96e1ab97ce403110664 -> 
  custom:audio-decoder-ogg-vorbis: bf7c407c2cedff20999df2af8eb42d56 -> 
  custom:audio-encoder-webm-vorbis: bf7c407c2cedff20999df2af8eb42d56 -> 
  custom:scripting/monoscript/fileName/RTSCameraController.cs: 2cfd53667ff8032f0ba93f5cb419121b -> 4178ddc6e303b38a6b1713b31bda8c3e
========================================================================
Received Import Request.
  Time since last request: 179379.593083 seconds.
  path: Assets/Stuff/Erbeilo3d_StylizePack_Demo/Assets/Modular_Big_Piece/Model/Wall_Piece_R2.fbx
  artifactKey: Guid(3dcb42ca03589e44381b1767e057834c) Importer(2089858483,0ecaa5967403d082aa24f35e1b516d23)
Start importing Assets/Stuff/Erbeilo3d_StylizePack_Demo/Assets/Modular_Big_Piece/Model/Wall_Piece_R2.fbx using Guid(3dcb42ca03589e44381b1767e057834c) Importer(2089858483,0ecaa5967403d082aa24f35e1b516d23)  -> (artifact id: 'abd939c92ea4ae3540ffb7a837a72896') in 0.225663 seconds
Number of updated asset objects reloaded before import = 0
Number of asset objects unloaded after import = 7
========================================================================
Received Import Request.
  Time since last request: 0.000069 seconds.
  path: Assets/Stuff/Erbeilo3d_StylizePack_Demo/Assets/Modular_Big_Piece/Prefab/Stair_V2.prefab
  artifactKey: Guid(f3b50c5960b2c744db37c59400cf665e) Importer(2089858483,0ecaa5967403d082aa24f35e1b516d23)
Start importing Assets/Stuff/Erbeilo3d_StylizePack_Demo/Assets/Modular_Big_Piece/Prefab/Stair_V2.prefab using Guid(f3b50c5960b2c744db37c59400cf665e) Importer(2089858483,0ecaa5967403d082aa24f35e1b516d23)  -> (artifact id: '50ae8deef8ae9656b8f340bf57b75a65') in 0.045209 seconds
Number of updated asset objects reloaded before import = 0
Number of asset objects unloaded after import = 8
========================================================================
Received Import Request.
  Time since last request: 0.000038 seconds.
  path: Assets/Stuff/ADG_Textures/ground_vol1/ground10/ground10_Ambient_Occlusion.tga
  artifactKey: Guid(24681add3f24f044daca3cc8a13e6395) Importer(2089858483,0ecaa5967403d082aa24f35e1b516d23)
Start importing Assets/Stuff/ADG_Textures/ground_vol1/ground10/ground10_Ambient_Occlusion.tga using Guid(24681add3f24f044daca3cc8a13e6395) Importer(2089858483,0ecaa5967403d082aa24f35e1b516d23)  -> (artifact id: 'fdae5c03d7500c964eb4c24f3d2c9fa4') in 0.154698 seconds
Number of updated asset objects reloaded before import = 0
Number of asset objects unloaded after import = 1
========================================================================
Received Import Request.
  Time since last request: 0.000025 seconds.
  path: Assets/Stuff/ADG_Textures/ground_vol1/ground14/ground14_Metallic.tga
  artifactKey: Guid(65f04b330297cc244aaa78ae4015f466) Importer(2089858483,0ecaa5967403d082aa24f35e1b516d23)
Start importing Assets/Stuff/ADG_Textures/ground_vol1/ground14/ground14_Metallic.tga using Guid(65f04b330297cc244aaa78ae4015f466) Importer(2089858483,0ecaa5967403d082aa24f35e1b516d23)  -> (artifact id: 'db4196dfc178df2649e8083afedc2f4e') in 1.008688 seconds
Number of updated asset objects reloaded before import = 0
Number of asset objects unloaded after import = 1
========================================================================
Received Import Request.
  Time since last request: 0.000058 seconds.
  path: Assets/Stuff/Erbeilo3d_StylizePack_Demo/Assets/Roof/Prefab/Roof_Tile2.prefab
  artifactKey: Guid(38d74748308a9d04e99a9caafac6480a) Importer(2089858483,0ecaa5967403d082aa24f35e1b516d23)
Start importing Assets/Stuff/Erbeilo3d_StylizePack_Demo/Assets/Roof/Prefab/Roof_Tile2.prefab using Guid(38d74748308a9d04e99a9caafac6480a) Importer(2089858483,0ecaa5967403d082aa24f35e1b516d23)  -> (artifact id: 'fd58792710e034903f961d284eb72003') in 0.043925 seconds
Number of updated asset objects reloaded before import = 0
Number of asset objects unloaded after import = 8
========================================================================
Received Import Request.
  Time since last request: 0.000043 seconds.
  path: Assets/Stuff/ADG_Textures/ground_vol1/ground8/ground8_Metallic.tga
  artifactKey: Guid(a08e6063e7e3b4a45b860146c8c613dc) Importer(2089858483,0ecaa5967403d082aa24f35e1b516d23)
Start importing Assets/Stuff/ADG_Textures/ground_vol1/ground8/ground8_Metallic.tga using Guid(a08e6063e7e3b4a45b860146c8c613dc) Importer(2089858483,0ecaa5967403d082aa24f35e1b516d23)  -> (artifact id: '5f20788eb1e65f15e9572d9e76164b25') in 0.092766 seconds
Number of updated asset objects reloaded before import = 0
Number of asset objects unloaded after import = 1
========================================================================
Received Import Request.
  Time since last request: 0.000028 seconds.
  path: Assets/Stuff/Erbeilo3d_StylizePack_Demo/Assets/ModularPiece/Texture/Plane_._Normal.png
  artifactKey: Guid(a04e790d0db72a24daa8f361769c7afd) Importer(2089858483,0ecaa5967403d082aa24f35e1b516d23)
Start importing Assets/Stuff/Erbeilo3d_StylizePack_Demo/Assets/ModularPiece/Texture/Plane_._Normal.png using Guid(a04e790d0db72a24daa8f361769c7afd) Importer(2089858483,0ecaa5967403d082aa24f35e1b516d23)  -> (artifact id: '0325ac5048d2287f4d4f2b3f96dfbeb5') in 0.090059 seconds
Number of updated asset objects reloaded before import = 0
Number of asset objects unloaded after import = 1
========================================================================
Received Import Request.
  Time since last request: 0.000029 seconds.
  path: Assets/Stuff/Erbeilo3d_StylizePack_Demo/Assets/Modular_Big_Piece/Model/untitled.fbx
  artifactKey: Guid(a88f610eef1f5d54fbeab7d0b8204270) Importer(2089858483,0ecaa5967403d082aa24f35e1b516d23)
Start importing Assets/Stuff/Erbeilo3d_StylizePack_Demo/Assets/Modular_Big_Piece/Model/untitled.fbx using Guid(a88f610eef1f5d54fbeab7d0b8204270) Importer(2089858483,0ecaa5967403d082aa24f35e1b516d23)  -> (artifact id: 'd0d5f810c5bf13e6cbb402cc89544e83') in 0.143219 seconds
Number of updated asset objects reloaded before import = 0
Number of asset objects unloaded after import = 10
========================================================================
Received Import Request.
  Time since last request: 0.000031 seconds.
  path: Assets/Stuff/Erbeilo3d_StylizePack_Demo/Assets/Roof/Texture/SaraRoof_Normal.png
  artifactKey: Guid(fcc9c694578ee5f4bad4504fc4026a78) Importer(2089858483,0ecaa5967403d082aa24f35e1b516d23)
Start importing Assets/Stuff/Erbeilo3d_StylizePack_Demo/Assets/Roof/Texture/SaraRoof_Normal.png using Guid(fcc9c694578ee5f4bad4504fc4026a78) Importer(2089858483,0ecaa5967403d082aa24f35e1b516d23)  -> (artifact id: 'bb0928b7d21d2bb2fbf4dac6f386858a') in 0.082137 seconds
Number of updated asset objects reloaded before import = 0
Number of asset objects unloaded after import = 1
========================================================================
Received Import Request.
  Time since last request: 0.000065 seconds.
  path: Assets/Stuff/Erbeilo3d_StylizePack_Demo/Assets/Wood/Model/Wood_0.fbx
  artifactKey: Guid(b74cb3af14a96e747a303e53f8bc81ad) Importer(2089858483,0ecaa5967403d082aa24f35e1b516d23)
Start importing Assets/Stuff/Erbeilo3d_StylizePack_Demo/Assets/Wood/Model/Wood_0.fbx using Guid(b74cb3af14a96e747a303e53f8bc81ad) Importer(2089858483,0ecaa5967403d082aa24f35e1b516d23)  -> (artifact id: 'b82ddf08014d5e1fbb455c7ead32e001') in 0.041324 seconds
Number of updated asset objects reloaded before import = 0
Number of asset objects unloaded after import = 19
========================================================================
Received Import Request.
  Time since last request: 0.000045 seconds.
  path: Assets/Stuff/Erbeilo3d_StylizePack_Demo/Assets/ModularPiece/Texture/wall_._BaseMap.png
  artifactKey: Guid(461b2d2505d110d4caa29ed80d6a8d89) Importer(2089858483,0ecaa5967403d082aa24f35e1b516d23)
Start importing Assets/Stuff/Erbeilo3d_StylizePack_Demo/Assets/ModularPiece/Texture/wall_._BaseMap.png using Guid(461b2d2505d110d4caa29ed80d6a8d89) Importer(2089858483,0ecaa5967403d082aa24f35e1b516d23)  -> (artifact id: 'a6cc430dfeafe55fd5cc5a33c2d3a955') in 0.082631 seconds
Number of updated asset objects reloaded before import = 0
Number of asset objects unloaded after import = 1
========================================================================
Received Import Request.
  Time since last request: 0.000029 seconds.
  path: Assets/Stuff/Erbeilo3d_StylizePack_Demo/Assets/ModularPiece/Texture/wall_._MaskMap.png
  artifactKey: Guid(ca6edd404d9b1cb468d735a30553dcb3) Importer(2089858483,0ecaa5967403d082aa24f35e1b516d23)
Start importing Assets/Stuff/Erbeilo3d_StylizePack_Demo/Assets/ModularPiece/Texture/wall_._MaskMap.png using Guid(ca6edd404d9b1cb468d735a30553dcb3) Importer(2089858483,0ecaa5967403d082aa24f35e1b516d23)  -> (artifact id: '2cb04653cc037c9c57995c4f081f3e64') in 0.093084 seconds
Number of updated asset objects reloaded before import = 0
Number of asset objects unloaded after import = 1
========================================================================
Received Import Request.
  Time since last request: 0.000052 seconds.
  path: Assets/Stuff/Erbeilo3d_StylizePack_Demo/Assets/Roof/Material/RoofTile_1.mat
  artifactKey: Guid(24662c66f8aa02d4a94a74612935d83d) Importer(2089858483,0ecaa5967403d082aa24f35e1b516d23)
Start importing Assets/Stuff/Erbeilo3d_StylizePack_Demo/Assets/Roof/Material/RoofTile_1.mat using Guid(24662c66f8aa02d4a94a74612935d83d) Importer(2089858483,0ecaa5967403d082aa24f35e1b516d23)  -> (artifact id: 'daa561c524ba31ca585e7a53ada613fe') in 0.026928 seconds
Number of updated asset objects reloaded before import = 0
Number of asset objects unloaded after import = 1
========================================================================
Received Import Request.
  Time since last request: 0.000065 seconds.
  path: Assets/Stuff/Erbeilo3d_StylizePack_Demo/Assets/Window/Material/Window.mat
  artifactKey: Guid(43b5a0b5e518c3b49a5e4cce322f0b09) Importer(2089858483,0ecaa5967403d082aa24f35e1b516d23)
Start importing Assets/Stuff/Erbeilo3d_StylizePack_Demo/Assets/Window/Material/Window.mat using Guid(43b5a0b5e518c3b49a5e4cce322f0b09) Importer(2089858483,0ecaa5967403d082aa24f35e1b516d23)  -> (artifact id: '23835ead5c9b2072b74211015d6ec4d6') in 0.024156 seconds
Number of updated asset objects reloaded before import = 0
Number of asset objects unloaded after import = 1
========================================================================
Received Import Request.
  Time since last request: 0.000055 seconds.
  path: Assets/Stuff/Erbeilo3d_StylizePack_Demo/Assets/Modular_Big_Piece/Prefab/Wall_20_Doorway.prefab
  artifactKey: Guid(b4c079a081a4082439ef925111470eee) Importer(2089858483,0ecaa5967403d082aa24f35e1b516d23)
Start importing Assets/Stuff/Erbeilo3d_StylizePack_Demo/Assets/Modular_Big_Piece/Prefab/Wall_20_Doorway.prefab using Guid(b4c079a081a4082439ef925111470eee) Importer(2089858483,0ecaa5967403d082aa24f35e1b516d23)  -> (artifact id: '59426ea8f5ee40cf0d72c25039f1c6b0') in 0.037816 seconds
Number of updated asset objects reloaded before import = 0
Number of asset objects unloaded after import = 8
========================================================================
Received Import Request.
  Time since last request: 0.000023 seconds.
  path: Assets/Stuff/Erbeilo3d_StylizePack_Demo/Assets/Modular_Big_Piece/Prefab/Roof_Modular_V3.prefab
  artifactKey: Guid(47caae99f1d61cb43a22f1c1123c339f) Importer(2089858483,0ecaa5967403d082aa24f35e1b516d23)
Start importing Assets/Stuff/Erbeilo3d_StylizePack_Demo/Assets/Modular_Big_Piece/Prefab/Roof_Modular_V3.prefab using Guid(47caae99f1d61cb43a22f1c1123c339f) Importer(2089858483,0ecaa5967403d082aa24f35e1b516d23)  -> (artifact id: '757b890b4ab6873bb0a87c1e353f5f9c') in 0.036693 seconds
Number of updated asset objects reloaded before import = 0
Number of asset objects unloaded after import = 8
========================================================================
Received Import Request.
  Time since last request: 0.000041 seconds.
  path: Assets/Stuff/Erbeilo3d_StylizePack_Demo/Assets/Modular_Big_Piece/Prefab/Stair_V1.prefab
  artifactKey: Guid(e8dd96a6574346c409a118cb1d20ad13) Importer(2089858483,0ecaa5967403d082aa24f35e1b516d23)
Start importing Assets/Stuff/Erbeilo3d_StylizePack_Demo/Assets/Modular_Big_Piece/Prefab/Stair_V1.prefab using Guid(e8dd96a6574346c409a118cb1d20ad13) Importer(2089858483,0ecaa5967403d082aa24f35e1b516d23)  -> (artifact id: '0e5fbba54a6503b4e822fbd0500b355e') in 0.036871 seconds
Number of updated asset objects reloaded before import = 0
Number of asset objects unloaded after import = 8
========================================================================
Received Import Request.
  Time since last request: 0.000034 seconds.
  path: Assets/Terrain/TerrainData_20a5ac04-1372-411f-ba2c-ac0bc297f36c.asset
  artifactKey: Guid(f406df2a038a9d34d8fbe45ce9e1bf29) Importer(2089858483,0ecaa5967403d082aa24f35e1b516d23)
Start importing Assets/Terrain/TerrainData_20a5ac04-1372-411f-ba2c-ac0bc297f36c.asset using Guid(f406df2a038a9d34d8fbe45ce9e1bf29) Importer(2089858483,0ecaa5967403d082aa24f35e1b516d23)  -> (artifact id: '591027d3292ecf719ebe5ffb3f5730f3') in 0.042096 seconds
Number of updated asset objects reloaded before import = 0
Number of asset objects unloaded after import = 1
========================================================================
Received Import Request.
  Time since last request: 0.000043 seconds.
  path: Assets/Stuff/ADG_Textures/ground_vol1/ground6/ground6_Height.tga
  artifactKey: Guid(083decf4ef7144f4bb014384ac1044b0) Importer(2089858483,0ecaa5967403d082aa24f35e1b516d23)
Start importing Assets/Stuff/ADG_Textures/ground_vol1/ground6/ground6_Height.tga using Guid(083decf4ef7144f4bb014384ac1044b0) Importer(2089858483,0ecaa5967403d082aa24f35e1b516d23)  -> (artifact id: '0bf20a196a63e30be6cc95b7b0a98025') in 0.058538 seconds
Number of updated asset objects reloaded before import = 0
Number of asset objects unloaded after import = 1
========================================================================
Received Import Request.
  Time since last request: 0.000042 seconds.
  path: Assets/Stuff/ADG_Textures/ground_vol1/ground14/ground14_Diffuse.tga
  artifactKey: Guid(b0701a45fb6c40346a84f5fd65653318) Importer(2089858483,0ecaa5967403d082aa24f35e1b516d23)
Start importing Assets/Stuff/ADG_Textures/ground_vol1/ground14/ground14_Diffuse.tga using Guid(b0701a45fb6c40346a84f5fd65653318) Importer(2089858483,0ecaa5967403d082aa24f35e1b516d23)  -> (artifact id: 'b8cb175bad7837791296ca1e3ceeb265') in 0.107443 seconds
Number of updated asset objects reloaded before import = 0
Number of asset objects unloaded after import = 1
========================================================================
Received Import Request.
  Time since last request: 0.000049 seconds.
  path: Assets/Stuff/BrokenVector/LowPolyTreePack/Models/Tree Type2 02.dae
  artifactKey: Guid(2ea73da7fe37e7b42bb77b26e97df11f) Importer(2089858483,0ecaa5967403d082aa24f35e1b516d23)
Start importing Assets/Stuff/BrokenVector/LowPolyTreePack/Models/Tree Type2 02.dae using Guid(2ea73da7fe37e7b42bb77b26e97df11f) Importer(2089858483,0ecaa5967403d082aa24f35e1b516d23)  -> (artifact id: '28f0edb9f087f8e04df589fc8d200115') in 0.042643 seconds
Number of updated asset objects reloaded before import = 0
Number of asset objects unloaded after import = 8
========================================================================
Received Import Request.
  Time since last request: 0.000037 seconds.
  path: Assets/Stuff/ADG_Textures/ground_vol1/ground13/ground13_Metallic.tga
  artifactKey: Guid(4d2c3481f7fceba4bb8e65a157391583) Importer(2089858483,0ecaa5967403d082aa24f35e1b516d23)
Start importing Assets/Stuff/ADG_Textures/ground_vol1/ground13/ground13_Metallic.tga using Guid(4d2c3481f7fceba4bb8e65a157391583) Importer(2089858483,0ecaa5967403d082aa24f35e1b516d23)  -> (artifact id: '26d13ec045658d8be0f45fc2fb039fe5') in 0.079884 seconds
Number of updated asset objects reloaded before import = 0
Number of asset objects unloaded after import = 1
========================================================================
Received Import Request.
  Time since last request: 0.000048 seconds.
  path: Assets/Stuff/ADG_Textures/ground_vol1/ground12/ground12_Normal.tga
  artifactKey: Guid(817358eba3aa2e34e9a0f73eb7850fe9) Importer(2089858483,0ecaa5967403d082aa24f35e1b516d23)
Start importing Assets/Stuff/ADG_Textures/ground_vol1/ground12/ground12_Normal.tga using Guid(817358eba3aa2e34e9a0f73eb7850fe9) Importer(2089858483,0ecaa5967403d082aa24f35e1b516d23)  -> (artifact id: '2c6a0d6fab917d935f7ccd51fa7fb966') in 0.064118 seconds
Number of updated asset objects reloaded before import = 0
Number of asset objects unloaded after import = 1
========================================================================
Received Import Request.
  Time since last request: 0.000048 seconds.
  path: Assets/Stuff/BrokenVector/LowPolyTreePack/Prefabs/Tree Type6 01.prefab
  artifactKey: Guid(ec7286e0017272441a3dec9205cb8daf) Importer(2089858483,0ecaa5967403d082aa24f35e1b516d23)
Start importing Assets/Stuff/BrokenVector/LowPolyTreePack/Prefabs/Tree Type6 01.prefab using Guid(ec7286e0017272441a3dec9205cb8daf) Importer(2089858483,0ecaa5967403d082aa24f35e1b516d23)  -> (artifact id: '8e7afb7c293ea3190b6d985140f1e73b') in 0.037903 seconds
Number of updated asset objects reloaded before import = 0
Number of asset objects unloaded after import = 7
========================================================================
Received Import Request.
  Time since last request: 0.000044 seconds.
  path: Assets/Stuff/Erbeilo3d_StylizePack_Demo/Assets/Wood/Texture/Wood_2_BaseMap.png
  artifactKey: Guid(5c9605861b89ca340b9d1387fddb2776) Importer(2089858483,0ecaa5967403d082aa24f35e1b516d23)
Start importing Assets/Stuff/Erbeilo3d_StylizePack_Demo/Assets/Wood/Texture/Wood_2_BaseMap.png using Guid(5c9605861b89ca340b9d1387fddb2776) Importer(2089858483,0ecaa5967403d082aa24f35e1b516d23)  -> (artifact id: '55a6bce49727237381b17f3d765c5939') in 0.078001 seconds
Number of updated asset objects reloaded before import = 0
Number of asset objects unloaded after import = 1
========================================================================
Received Import Request.
  Time since last request: 0.000072 seconds.
  path: Assets/Stuff/Erbeilo3d_StylizePack_Demo/Assets/Modular_Big_Piece/Prefab/Balcon_V2.prefab
  artifactKey: Guid(2540766d0b7944f408967cae673c2246) Importer(2089858483,0ecaa5967403d082aa24f35e1b516d23)
Start importing Assets/Stuff/Erbeilo3d_StylizePack_Demo/Assets/Modular_Big_Piece/Prefab/Balcon_V2.prefab using Guid(2540766d0b7944f408967cae673c2246) Importer(2089858483,0ecaa5967403d082aa24f35e1b516d23)  -> (artifact id: '9d1d42fb6810605f385e274c20592fc6') in 0.039044 seconds
Number of updated asset objects reloaded before import = 0
Number of asset objects unloaded after import = 9
========================================================================
Received Import Request.
  Time since last request: 0.000042 seconds.
  path: Assets/Stuff/ADG_Textures/ground_vol1/ground6/ground6_Ambient_Occlusion.tga
  artifactKey: Guid(ebd3d1a8771ae20409976ac604480143) Importer(2089858483,0ecaa5967403d082aa24f35e1b516d23)
Start importing Assets/Stuff/ADG_Textures/ground_vol1/ground6/ground6_Ambient_Occlusion.tga using Guid(ebd3d1a8771ae20409976ac604480143) Importer(2089858483,0ecaa5967403d082aa24f35e1b516d23)  -> (artifact id: '56f9c0a5294f9c961717f24f346d3345') in 0.056811 seconds
Number of updated asset objects reloaded before import = 0
Number of asset objects unloaded after import = 1
========================================================================
Received Import Request.
  Time since last request: 0.000031 seconds.
  path: Assets/Stuff/ADG_Textures/ground_vol1/ground10/ground10.mat
  artifactKey: Guid(43d91cc396861f443b5574aef062e3d3) Importer(2089858483,0ecaa5967403d082aa24f35e1b516d23)
Start importing Assets/Stuff/ADG_Textures/ground_vol1/ground10/ground10.mat using Guid(43d91cc396861f443b5574aef062e3d3) Importer(2089858483,0ecaa5967403d082aa24f35e1b516d23)  -> (artifact id: '8611a5113803846bc32223ad542c5f0b') in 0.081146 seconds
Number of updated asset objects reloaded before import = 0
Number of asset objects unloaded after import = 5
Editor requested this worker to shutdown with reason: Scaling down because of idle timeout
TcpMessagingSession - receive error: operation aborted. errorcode: 995, details: The I/O operation has been aborted because of either a thread exit or an application request.
AssetImportWorker is now disconnected from the server
Process exiting
Exiting without the bug reporter. Application will terminate with return code 0