Using pre-set license
Built from '2022.3/staging' branch; Version is '2022.3.8f1 (b5eafc012955) revision 11922172'; Using compiler version '192829333'; Build Type 'Release'
OS: 'Windows 11  (10.0.26200) 64bit Core' Language: 'en' Physical Memory: 16055 MB
BatchMode: 1, IsHumanControllingUs: 0, StartBugReporterOnCrash: 0, Is64bit: 1, IsPro: 1

COMMAND LINE ARGUMENTS:
C:\Program Files\Unity\Hub\Editor\2022.3.8f1\Editor\Unity.exe
-adb2
-batchMode
-noUpm
-name
AssetImportWorker2
-projectPath
C:/Users/liamw/OneDrive/Documents/GitHub/GameAesthetic/game aesthetic
-logFile
Logs/AssetImportWorker2.log
-srvPort
65080
Successfully changed project path to: C:/Users/liamw/OneDrive/Documents/GitHub/GameAesthetic/game aesthetic
C:/Users/liamw/OneDrive/Documents/GitHub/GameAesthetic/game aesthetic
[UnityMemory] Configuration Parameters - Can be set up in boot.config
    "memorysetup-bucket-allocator-granularity=16"
    "memorysetup-bucket-allocator-bucket-count=8"
    "memorysetup-bucket-allocator-block-size=33554432"
    "memorysetup-bucket-allocator-block-count=8"
    "memorysetup-main-allocator-block-size=16777216"
    "memorysetup-thread-allocator-block-size=16777216"
    "memorysetup-gfx-main-allocator-block-size=16777216"
    "memorysetup-gfx-thread-allocator-block-size=16777216"
    "memorysetup-cache-allocator-block-size=4194304"
    "memorysetup-typetree-allocator-block-size=2097152"
    "memorysetup-profiler-bucket-allocator-granularity=16"
    "memorysetup-profiler-bucket-allocator-bucket-count=8"
    "memorysetup-profiler-bucket-allocator-block-size=33554432"
    "memorysetup-profiler-bucket-allocator-block-count=8"
    "memorysetup-profiler-allocator-block-size=16777216"
    "memorysetup-profiler-editor-allocator-block-size=1048576"
    "memorysetup-temp-allocator-size-main=16777216"
    "memorysetup-job-temp-allocator-block-size=2097152"
    "memorysetup-job-temp-allocator-block-size-background=1048576"
    "memorysetup-job-temp-allocator-reduction-small-platforms=262144"
    "memorysetup-allocator-temp-initial-block-size-main=262144"
    "memorysetup-allocator-temp-initial-block-size-worker=262144"
    "memorysetup-temp-allocator-size-background-worker=32768"
    "memorysetup-temp-allocator-size-job-worker=262144"
    "memorysetup-temp-allocator-size-preload-manager=33554432"
    "memorysetup-temp-allocator-size-nav-mesh-worker=65536"
    "memorysetup-temp-allocator-size-audio-worker=65536"
    "memorysetup-temp-allocator-size-cloud-worker=32768"
    "memorysetup-temp-allocator-size-gi-baking-worker=262144"
    "memorysetup-temp-allocator-size-gfx=262144"
Player connection [23324] Host "[IP] 10.20.103.106 [Port] 0 [Flags] 2 [Guid] 1260684189 [EditorId] 1260684189 [Version] 1048832 [Id] WindowsEditor(7,GameDev-LW) [Debug] 1 [PackageName] WindowsEditor [ProjectName] Editor" joined multi-casting on [225.0.0.222:54997]...

Player connection [23324] Host "[IP] 10.20.103.106 [Port] 0 [Flags] 2 [Guid] 1260684189 [EditorId] 1260684189 [Version] 1048832 [Id] WindowsEditor(7,GameDev-LW) [Debug] 1 [PackageName] WindowsEditor [ProjectName] Editor" joined alternative multi-casting on [225.0.0.222:34997]...

[Physics::Module] Initialized MultithreadedJobDispatcher with 19 workers.
Refreshing native plugins compatible for Editor in 25.44 ms, found 3 plugins.
Preloading 0 native plugins for Editor in 0.00 ms.
Initialize engine version: 2022.3.8f1 (b5eafc012955)
[Subsystems] Discovering subsystems at path C:/Program Files/Unity/Hub/Editor/2022.3.8f1/Editor/Data/Resources/UnitySubsystems
[Subsystems] Discovering subsystems at path C:/Users/liamw/OneDrive/Documents/GitHub/GameAesthetic/game aesthetic/Assets
GfxDevice: creating device client; threaded=0; jobified=0
Direct3D:
    Version:  Direct3D 11.0 [level 11.1]
    Renderer: NVIDIA GeForce RTX 3050 Laptop GPU (ID=0x25a2)
    Vendor:   NVIDIA
    VRAM:     3965 MB
    Driver:   32.0.15.8195
Initialize mono
Mono path[0] = 'C:/Program Files/Unity/Hub/Editor/2022.3.8f1/Editor/Data/Managed'
Mono path[1] = 'C:/Program Files/Unity/Hub/Editor/2022.3.8f1/Editor/Data/MonoBleedingEdge/lib/mono/unityjit-win32'
Mono config path = 'C:/Program Files/Unity/Hub/Editor/2022.3.8f1/Editor/Data/MonoBleedingEdge/etc'
Using monoOptions --debugger-agent=transport=dt_socket,embedding=1,server=y,suspend=n,address=127.0.0.1:56340
Begin MonoManager ReloadAssembly
Registering precompiled unity dll's ...
Register platform support module: C:/Program Files/Unity/Hub/Editor/2022.3.8f1/Editor/Data/PlaybackEngines/WindowsStandaloneSupport/UnityEditor.WindowsStandalone.Extensions.dll
Registered in 0.014801 seconds.
- Loaded All Assemblies, in  0.585 seconds
Native extension for WindowsStandalone target not found
Mono: successfully reloaded assembly
- Finished resetting the current domain, in  0.280 seconds
Domain Reload Profiling: 863ms
	BeginReloadAssembly (293ms)
		ExecutionOrderSort (0ms)
		DisableScriptedObjects (0ms)
		BackupInstance (0ms)
		ReleaseScriptingObjects (0ms)
		CreateAndSetChildDomain (1ms)
	RebuildCommonClasses (37ms)
	RebuildNativeTypeToScriptingClass (11ms)
	initialDomainReloadingComplete (81ms)
	LoadAllAssembliesAndSetupDomain (160ms)
		LoadAssemblies (291ms)
		RebuildTransferFunctionScriptingTraits (0ms)
		AnalyzeDomain (157ms)
			TypeCache.Refresh (155ms)
				TypeCache.ScanAssembly (140ms)
			ScanForSourceGeneratedMonoScriptInfo (0ms)
			ResolveRequiredComponents (1ms)
	FinalizeReload (281ms)
		ReleaseScriptCaches (0ms)
		RebuildScriptCaches (0ms)
		SetupLoadedEditorAssemblies (214ms)
			LogAssemblyErrors (0ms)
			InitializePlatformSupportModulesInManaged (11ms)
			SetLoadedEditorAssemblies (9ms)
			RefreshPlugins (0ms)
			BeforeProcessingInitializeOnLoad (2ms)
			ProcessInitializeOnLoadAttributes (139ms)
			ProcessInitializeOnLoadMethodAttributes (53ms)
			AfterProcessingInitializeOnLoad (0ms)
			EditorAssembliesLoaded (0ms)
		ExecutionOrderSort2 (0ms)
		AwakeInstancesAfterBackupRestoration (0ms)
========================================================================
Worker process is ready to serve import requests
Begin MonoManager ReloadAssembly
- Loaded All Assemblies, in  0.843 seconds
Refreshing native plugins compatible for Editor in 4.86 ms, found 3 plugins.
Native extension for WindowsStandalone target not found
Mono: successfully reloaded assembly
- Finished resetting the current domain, in  0.781 seconds
Domain Reload Profiling: 1620ms
	BeginReloadAssembly (165ms)
		ExecutionOrderSort (0ms)
		DisableScriptedObjects (5ms)
		BackupInstance (0ms)
		ReleaseScriptingObjects (0ms)
		CreateAndSetChildDomain (21ms)
	RebuildCommonClasses (36ms)
	RebuildNativeTypeToScriptingClass (11ms)
	initialDomainReloadingComplete (48ms)
	LoadAllAssembliesAndSetupDomain (579ms)
		LoadAssemblies (471ms)
		RebuildTransferFunctionScriptingTraits (0ms)
		AnalyzeDomain (207ms)
			TypeCache.Refresh (177ms)
				TypeCache.ScanAssembly (163ms)
			ScanForSourceGeneratedMonoScriptInfo (22ms)
			ResolveRequiredComponents (6ms)
	FinalizeReload (782ms)
		ReleaseScriptCaches (0ms)
		RebuildScriptCaches (0ms)
		SetupLoadedEditorAssemblies (598ms)
			LogAssemblyErrors (0ms)
			InitializePlatformSupportModulesInManaged (7ms)
			SetLoadedEditorAssemblies (5ms)
			RefreshPlugins (0ms)
			BeforeProcessingInitializeOnLoad (81ms)
			ProcessInitializeOnLoadAttributes (475ms)
			ProcessInitializeOnLoadMethodAttributes (22ms)
			AfterProcessingInitializeOnLoad (9ms)
			EditorAssembliesLoaded (0ms)
		ExecutionOrderSort2 (0ms)
		AwakeInstancesAfterBackupRestoration (8ms)
Launched and connected shader compiler UnityShaderCompiler.exe after 0.12 seconds
Refreshing native plugins compatible for Editor in 4.61 ms, found 3 plugins.
Preloading 0 native plugins for Editor in 0.00 ms.
Unloading 3791 Unused Serialized files (Serialized files now loaded: 0)
Unloading 37 unused Assets / (58.0 KB). Loaded Objects now: 4282.
Memory consumption went from 151.8 MB to 151.8 MB.
Total: 4.468700 ms (FindLiveObjects: 0.259400 ms CreateObjectMapping: 0.124300 ms MarkObjects: 3.938900 ms  DeleteObjects: 0.144900 ms)

AssetImportParameters requested are different than current active one (requested -> active):
  custom:container-demuxer-ogg: 62fdf1f143b41e24485cea50d1cbac27 -> 
  custom:video-codec-MediaFoundation-h265: 746d11721c4dcdbdad8f713fa42b33f4 -> 
  custom:video-decoder-ogg-theora: a1e56fd34408186e4bbccfd4996cb3dc -> 
  custom:framework-win-MediaFoundation: 216162199b28c13a410421893ffa2e32 -> 
  custom:CustomObjectIndexerAttribute: 756ad292c208cfabdd7b50bc23989ffe -> 
  custom:container-demuxer-webm: 4f35f7cbe854078d1ac9338744f61a02 -> 
  custom:container-muxer-webm: aa71ff27fc2769a1b78a27578f13a17b -> 
  custom:video-decoder-webm-vp8: 9c59270c3fd7afecdb556c50c9e8de78 -> 
  custom:SearchIndexIgnoredProperties: e643bd26f0fe6173181afceb89e7c659 -> 
  custom:AudioImporter_EditorPlatform: d09bf68614088b80899f8185d706f6e7 -> 
  custom:video-encoder-webm-vp8: eb34c28f22e8b96e1ab97ce403110664 -> 
  custom:audio-decoder-ogg-vorbis: bf7c407c2cedff20999df2af8eb42d56 -> 
  custom:audio-encoder-webm-vorbis: bf7c407c2cedff20999df2af8eb42d56 -> 
========================================================================
Received Import Request.
  Time since last request: 570.824420 seconds.
  path: Assets/Stuff/Houses/GameAestheticVillageHouses/House Icons/New folder
  artifactKey: Guid(ba620e7f84573374bac79390b5de92e3) Importer(815301076,1909f56bfc062723c751e8b465ee728b)
Start importing Assets/Stuff/Houses/GameAestheticVillageHouses/House Icons/New folder using Guid(ba620e7f84573374bac79390b5de92e3) Importer(815301076,1909f56bfc062723c751e8b465ee728b)  -> (artifact id: '1ff13f6723e26729f6e091b86ed0c269') in 0.004487 seconds
Number of updated asset objects reloaded before import = 0
Number of asset objects unloaded after import = 0
========================================================================
Received Import Request.
  Time since last request: 0.958322 seconds.
  path: Assets/Stuff/Houses/GameAestheticVillageHouses/House Icons/New folder/3 cup monty.png
  artifactKey: Guid(8869f4de02c998c4ca44b8bcd4a035e8) Importer(815301076,1909f56bfc062723c751e8b465ee728b)
Start importing Assets/Stuff/Houses/GameAestheticVillageHouses/House Icons/New folder/3 cup monty.png using Guid(8869f4de02c998c4ca44b8bcd4a035e8) Importer(815301076,1909f56bfc062723c751e8b465ee728b)  -> (artifact id: '8ba2eeff26366b7d9f4d58a8ffe5319d') in 0.117876 seconds
Number of updated asset objects reloaded before import = 0
Number of asset objects unloaded after import = 2
========================================================================
Received Import Request.
  Time since last request: 0.000334 seconds.
  path: Assets/Stuff/Houses/GameAestheticVillageHouses/House Icons/New folder/Drag Race.png
  artifactKey: Guid(2bfa6b9f6eb51f8488859bce182bc2d1) Importer(815301076,1909f56bfc062723c751e8b465ee728b)
Start importing Assets/Stuff/Houses/GameAestheticVillageHouses/House Icons/New folder/Drag Race.png using Guid(2bfa6b9f6eb51f8488859bce182bc2d1) Importer(815301076,1909f56bfc062723c751e8b465ee728b)  -> (artifact id: '522cb8b1f5842304e708f041e6b60db0') in 0.032034 seconds
Number of updated asset objects reloaded before import = 0
Number of asset objects unloaded after import = 2
========================================================================
Received Import Request.
  Time since last request: 0.000205 seconds.
  path: Assets/Stuff/Houses/GameAestheticVillageHouses/House Icons/New folder/Moving Hole.png
  artifactKey: Guid(ca204a75348df6e43b454cd2ebdd2244) Importer(815301076,1909f56bfc062723c751e8b465ee728b)
Start importing Assets/Stuff/Houses/GameAestheticVillageHouses/House Icons/New folder/Moving Hole.png using Guid(ca204a75348df6e43b454cd2ebdd2244) Importer(815301076,1909f56bfc062723c751e8b465ee728b)  -> (artifact id: '4f4754fa1a72d3163bcd13e6447e1dbb') in 0.033564 seconds
Number of updated asset objects reloaded before import = 0
Number of asset objects unloaded after import = 2
========================================================================
Received Import Request.
  Time since last request: 0.000256 seconds.
  path: Assets/Stuff/Houses/GameAestheticVillageHouses/House Icons/New folder/Mime.png
  artifactKey: Guid(87359b62fe5756b4e931668dca50789f) Importer(815301076,1909f56bfc062723c751e8b465ee728b)
Start importing Assets/Stuff/Houses/GameAestheticVillageHouses/House Icons/New folder/Mime.png using Guid(87359b62fe5756b4e931668dca50789f) Importer(815301076,1909f56bfc062723c751e8b465ee728b)  -> (artifact id: '2d4407456e20464b5b4078ca316be4ed') in 0.022990 seconds
Number of updated asset objects reloaded before import = 0
Number of asset objects unloaded after import = 2
========================================================================
Received Import Request.
  Time since last request: 0.000078 seconds.
  path: Assets/Stuff/Houses/GameAestheticVillageHouses/House Icons/New folder/Hit the Table.png
  artifactKey: Guid(ccefdd25d77598d409d84509ea770f86) Importer(815301076,1909f56bfc062723c751e8b465ee728b)
Start importing Assets/Stuff/Houses/GameAestheticVillageHouses/House Icons/New folder/Hit the Table.png using Guid(ccefdd25d77598d409d84509ea770f86) Importer(815301076,1909f56bfc062723c751e8b465ee728b)  -> (artifact id: '754387941327a8e7508c3ad3d4ba03e5') in 0.019350 seconds
Number of updated asset objects reloaded before import = 0
Number of asset objects unloaded after import = 2
========================================================================
Received Import Request.
  Time since last request: 0.000243 seconds.
  path: Assets/Stuff/Houses/GameAestheticVillageHouses/House Icons/New folder/Break the Pedestrian.png
  artifactKey: Guid(6fa250925b3db9643ab66f22ab3b3869) Importer(815301076,1909f56bfc062723c751e8b465ee728b)
Start importing Assets/Stuff/Houses/GameAestheticVillageHouses/House Icons/New folder/Break the Pedestrian.png using Guid(6fa250925b3db9643ab66f22ab3b3869) Importer(815301076,1909f56bfc062723c751e8b465ee728b)  -> (artifact id: '6d22a8f0c23412051bf9e6fcbc8d5a35') in 0.037687 seconds
Number of updated asset objects reloaded before import = 0
Number of asset objects unloaded after import = 2
========================================================================
Received Import Request.
  Time since last request: 0.000100 seconds.
  path: Assets/Stuff/Houses/GameAestheticVillageHouses/House Icons/New folder/Avoid the Scratch.png
  artifactKey: Guid(0b902765e6c422549bcfc70a9ec669f7) Importer(815301076,1909f56bfc062723c751e8b465ee728b)
Start importing Assets/Stuff/Houses/GameAestheticVillageHouses/House Icons/New folder/Avoid the Scratch.png using Guid(0b902765e6c422549bcfc70a9ec669f7) Importer(815301076,1909f56bfc062723c751e8b465ee728b)  -> (artifact id: 'fc8ecadddab1bfc6ab3fb1a1423f5e47') in 0.034155 seconds
Number of updated asset objects reloaded before import = 0
Number of asset objects unloaded after import = 2
========================================================================
Received Import Request.
  Time since last request: 0.000023 seconds.
  path: Assets/Stuff/Houses/GameAestheticVillageHouses/House Icons/New folder/Bomb.png
  artifactKey: Guid(3249f02284f5be24bb2e5f663b567146) Importer(815301076,1909f56bfc062723c751e8b465ee728b)
Start importing Assets/Stuff/Houses/GameAestheticVillageHouses/House Icons/New folder/Bomb.png using Guid(3249f02284f5be24bb2e5f663b567146) Importer(815301076,1909f56bfc062723c751e8b465ee728b)  -> (artifact id: 'c49330fb620ec3590f67119f59625d69') in 0.038405 seconds
Number of updated asset objects reloaded before import = 0
Number of asset objects unloaded after import = 2
========================================================================
Received Import Request.
  Time since last request: 37.122276 seconds.
  path: Assets/Stuff/Houses/GameAestheticVillageHouses/House Icons/3ed7fc3a-14e2-4152-83e8-2167aee3cf17.jpg
  artifactKey: Guid(1bdee6392eba6e148a5f06b92c883dbc) Importer(815301076,1909f56bfc062723c751e8b465ee728b)
Start importing Assets/Stuff/Houses/GameAestheticVillageHouses/House Icons/3ed7fc3a-14e2-4152-83e8-2167aee3cf17.jpg using Guid(1bdee6392eba6e148a5f06b92c883dbc) Importer(815301076,1909f56bfc062723c751e8b465ee728b)  -> (artifact id: '3b760b4bf868e26a1b310d1c9bd0d293') in 0.080350 seconds
Number of updated asset objects reloaded before import = 0
Number of asset objects unloaded after import = 3
========================================================================
Received Import Request.
  Time since last request: 6.647849 seconds.
  path: Assets/Stuff/Houses/GameAestheticVillageHouses/House Icons/6ae8b8b7-5ed3-433e-8135-99c89317b478.jpg
  artifactKey: Guid(a387fccef32cbf444865114f0525f478) Importer(815301076,1909f56bfc062723c751e8b465ee728b)
Start importing Assets/Stuff/Houses/GameAestheticVillageHouses/House Icons/6ae8b8b7-5ed3-433e-8135-99c89317b478.jpg using Guid(a387fccef32cbf444865114f0525f478) Importer(815301076,1909f56bfc062723c751e8b465ee728b)  -> (artifact id: 'fdc3378fb06381c398b8d4106aa3c91a') in 0.043667 seconds
Number of updated asset objects reloaded before import = 0
Number of asset objects unloaded after import = 3
========================================================================
Received Import Request.
  Time since last request: 5.786546 seconds.
  path: Assets/Stuff/Houses/GameAestheticVillageHouses/House Icons/47ab1232-fa9e-4d62-b1a4-864615d0eeb8.jpg
  artifactKey: Guid(c68e01e4d0aeb5b40a340757d2be5d82) Importer(815301076,1909f56bfc062723c751e8b465ee728b)
Start importing Assets/Stuff/Houses/GameAestheticVillageHouses/House Icons/47ab1232-fa9e-4d62-b1a4-864615d0eeb8.jpg using Guid(c68e01e4d0aeb5b40a340757d2be5d82) Importer(815301076,1909f56bfc062723c751e8b465ee728b)  -> (artifact id: '71086087e524fc49d84858ef389ddbc6') in 0.039107 seconds
Number of updated asset objects reloaded before import = 0
Number of asset objects unloaded after import = 3
========================================================================
Received Import Request.
  Time since last request: 7.824235 seconds.
  path: Assets/Stuff/Houses/GameAestheticVillageHouses/House Icons/8986586d-18c7-4194-b5f9-1bcc59c50abd.jpg
  artifactKey: Guid(3eaaad0799978844fbcf0bfa499c68f1) Importer(815301076,1909f56bfc062723c751e8b465ee728b)
Start importing Assets/Stuff/Houses/GameAestheticVillageHouses/House Icons/8986586d-18c7-4194-b5f9-1bcc59c50abd.jpg using Guid(3eaaad0799978844fbcf0bfa499c68f1) Importer(815301076,1909f56bfc062723c751e8b465ee728b)  -> (artifact id: '760f5ceee030ebcd5fbf010859497356') in 0.035681 seconds
Number of updated asset objects reloaded before import = 0
Number of asset objects unloaded after import = 3
========================================================================
Received Import Request.
  Time since last request: 5.122678 seconds.
  path: Assets/Stuff/Houses/GameAestheticVillageHouses/House Icons/c03d640e-e596-47a0-92b6-934a58e75cd4.jpg
  artifactKey: Guid(425cd3639e8c90a408b4e0879ded7d90) Importer(815301076,1909f56bfc062723c751e8b465ee728b)
Start importing Assets/Stuff/Houses/GameAestheticVillageHouses/House Icons/c03d640e-e596-47a0-92b6-934a58e75cd4.jpg using Guid(425cd3639e8c90a408b4e0879ded7d90) Importer(815301076,1909f56bfc062723c751e8b465ee728b)  -> (artifact id: '847306942c1112b9e5a31d9e575f533d') in 0.039649 seconds
Number of updated asset objects reloaded before import = 0
Number of asset objects unloaded after import = 3
========================================================================
Received Import Request.
  Time since last request: 515.843331 seconds.
  path: Assets/Stuff/Houses/GameAestheticVillageHouses/House Icons/Copilot_20260429_092529.png
  artifactKey: Guid(4c7393dd09fa2e046b96a4a5d41f25ca) Importer(815301076,1909f56bfc062723c751e8b465ee728b)
Start importing Assets/Stuff/Houses/GameAestheticVillageHouses/House Icons/Copilot_20260429_092529.png using Guid(4c7393dd09fa2e046b96a4a5d41f25ca) Importer(815301076,1909f56bfc062723c751e8b465ee728b)  -> (artifact id: '9e4d777f37f3325ee8f7988722cfc4df') in 0.039079 seconds
Number of updated asset objects reloaded before import = 0
Number of asset objects unloaded after import = 2
========================================================================
Received Import Request.
  Time since last request: 0.000144 seconds.
  path: Assets/Stuff/Houses/GameAestheticVillageHouses/House Icons/Copilot_20260429_092947.png
  artifactKey: Guid(2cb4eaed7e721fc4bae340328016975a) Importer(815301076,1909f56bfc062723c751e8b465ee728b)
Start importing Assets/Stuff/Houses/GameAestheticVillageHouses/House Icons/Copilot_20260429_092947.png using Guid(2cb4eaed7e721fc4bae340328016975a) Importer(815301076,1909f56bfc062723c751e8b465ee728b)  -> (artifact id: '5ed5aee15396a02fe47c2af43acd5fb6') in 0.041433 seconds
Number of updated asset objects reloaded before import = 0
Number of asset objects unloaded after import = 2
========================================================================
Received Import Request.
  Time since last request: 24.374859 seconds.
  path: Assets/Stuff/Houses/GameAestheticVillageHouses/House Icons/Copilot_20260429_092529.png
  artifactKey: Guid(4c7393dd09fa2e046b96a4a5d41f25ca) Importer(815301076,1909f56bfc062723c751e8b465ee728b)
Start importing Assets/Stuff/Houses/GameAestheticVillageHouses/House Icons/Copilot_20260429_092529.png using Guid(4c7393dd09fa2e046b96a4a5d41f25ca) Importer(815301076,1909f56bfc062723c751e8b465ee728b)  -> (artifact id: '6b2889b13771f34295394fe4bb08b9ef') in 0.045387 seconds
Number of updated asset objects reloaded before import = 0
Number of asset objects unloaded after import = 3
========================================================================
Received Import Request.
  Time since last request: 8.957150 seconds.
  path: Assets/Stuff/Houses/GameAestheticVillageHouses/House Icons/Copilot_20260429_092715.png
  artifactKey: Guid(2e70fd24789d6bd4aa331d7be956333b) Importer(815301076,1909f56bfc062723c751e8b465ee728b)
Start importing Assets/Stuff/Houses/GameAestheticVillageHouses/House Icons/Copilot_20260429_092715.png using Guid(2e70fd24789d6bd4aa331d7be956333b) Importer(815301076,1909f56bfc062723c751e8b465ee728b)  -> (artifact id: 'e4d62998a88842a6070fc8d38ddfd3a9') in 0.048472 seconds
Number of updated asset objects reloaded before import = 0
Number of asset objects unloaded after import = 3
========================================================================
Received Import Request.
  Time since last request: 6.890634 seconds.
  path: Assets/Stuff/Houses/GameAestheticVillageHouses/House Icons/Copilot_20260429_092947.png
  artifactKey: Guid(2cb4eaed7e721fc4bae340328016975a) Importer(815301076,1909f56bfc062723c751e8b465ee728b)
Start importing Assets/Stuff/Houses/GameAestheticVillageHouses/House Icons/Copilot_20260429_092947.png using Guid(2cb4eaed7e721fc4bae340328016975a) Importer(815301076,1909f56bfc062723c751e8b465ee728b)  -> (artifact id: 'eb44a51df113953cfb37e003e318714e') in 0.040160 seconds
Number of updated asset objects reloaded before import = 0
Number of asset objects unloaded after import = 3
========================================================================
Received Prepare
Begin MonoManager ReloadAssembly
- Loaded All Assemblies, in  0.469 seconds
Refreshing native plugins compatible for Editor in 3.07 ms, found 3 plugins.
Native extension for WindowsStandalone target not found
Mono: successfully reloaded assembly
- Finished resetting the current domain, in  1.836 seconds
Domain Reload Profiling: 2302ms
	BeginReloadAssembly (166ms)
		ExecutionOrderSort (0ms)
		DisableScriptedObjects (4ms)
		BackupInstance (0ms)
		ReleaseScriptingObjects (0ms)
		CreateAndSetChildDomain (34ms)
	RebuildCommonClasses (29ms)
	RebuildNativeTypeToScriptingClass (10ms)
	initialDomainReloadingComplete (30ms)
	LoadAllAssembliesAndSetupDomain (231ms)
		LoadAssemblies (313ms)
		RebuildTransferFunctionScriptingTraits (0ms)
		AnalyzeDomain (12ms)
			TypeCache.Refresh (6ms)
				TypeCache.ScanAssembly (0ms)
			ScanForSourceGeneratedMonoScriptInfo (0ms)
			ResolveRequiredComponents (5ms)
	FinalizeReload (1837ms)
		ReleaseScriptCaches (0ms)
		RebuildScriptCaches (0ms)
		SetupLoadedEditorAssemblies (402ms)
			LogAssemblyErrors (0ms)
			InitializePlatformSupportModulesInManaged (6ms)
			SetLoadedEditorAssemblies (4ms)
			RefreshPlugins (0ms)
			BeforeProcessingInitializeOnLoad (64ms)
			ProcessInitializeOnLoadAttributes (305ms)
			ProcessInitializeOnLoadMethodAttributes (16ms)
			AfterProcessingInitializeOnLoad (7ms)
			EditorAssembliesLoaded (0ms)
		ExecutionOrderSort2 (0ms)
		AwakeInstancesAfterBackupRestoration (6ms)
Refreshing native plugins compatible for Editor in 3.89 ms, found 3 plugins.
Preloading 0 native plugins for Editor in 0.00 ms.
Unloading 3767 Unused Serialized files (Serialized files now loaded: 0)
Unloading 22 unused Assets / (31.1 KB). Loaded Objects now: 4292.
Memory consumption went from 150.4 MB to 150.4 MB.
Total: 4.135900 ms (FindLiveObjects: 0.245800 ms CreateObjectMapping: 0.134700 ms MarkObjects: 3.700400 ms  DeleteObjects: 0.053900 ms)

Prepare: number of updated asset objects reloaded= 0
AssetImportParameters requested are different than current active one (requested -> active):
  custom:container-demuxer-ogg: 62fdf1f143b41e24485cea50d1cbac27 -> 
  custom:video-codec-MediaFoundation-h265: 746d11721c4dcdbdad8f713fa42b33f4 -> 
  custom:video-decoder-ogg-theora: a1e56fd34408186e4bbccfd4996cb3dc -> 
  custom:framework-win-MediaFoundation: 216162199b28c13a410421893ffa2e32 -> 
  custom:CustomObjectIndexerAttribute: 756ad292c208cfabdd7b50bc23989ffe -> 
  custom:container-demuxer-webm: 4f35f7cbe854078d1ac9338744f61a02 -> 
  custom:container-muxer-webm: aa71ff27fc2769a1b78a27578f13a17b -> 
  custom:video-decoder-webm-vp8: 9c59270c3fd7afecdb556c50c9e8de78 -> 
  custom:SearchIndexIgnoredProperties: e643bd26f0fe6173181afceb89e7c659 -> 
  custom:AudioImporter_EditorPlatform: d09bf68614088b80899f8185d706f6e7 -> 
  custom:video-encoder-webm-vp8: eb34c28f22e8b96e1ab97ce403110664 -> 
  custom:audio-decoder-ogg-vorbis: bf7c407c2cedff20999df2af8eb42d56 -> 
  custom:audio-encoder-webm-vorbis: bf7c407c2cedff20999df2af8eb42d56 -> 
