Using pre-set license
Built from '2022.3/staging' branch; Version is '2022.3.8f1 (b5eafc012955) revision 11922172'; Using compiler version '192829333'; Build Type 'Release'
OS: 'Windows 11  (10.0.26200) 64bit Core' Language: 'en' Physical Memory: 16055 MB
BatchMode: 1, IsHumanControllingUs: 0, StartBugReporterOnCrash: 0, Is64bit: 1, IsPro: 1

COMMAND LINE ARGUMENTS:
C:\Program Files\Unity\Hub\Editor\2022.3.8f1\Editor\Unity.exe
-adb2
-batchMode
-noUpm
-name
AssetImportWorker4
-projectPath
C:/Users/liamw/OneDrive/Documents/GitHub/GameAesthetic/game aesthetic
-logFile
Logs/AssetImportWorker4.log
-srvPort
55109
Successfully changed project path to: C:/Users/liamw/OneDrive/Documents/GitHub/GameAesthetic/game aesthetic
C:/Users/liamw/OneDrive/Documents/GitHub/GameAesthetic/game aesthetic
[UnityMemory] Configuration Parameters - Can be set up in boot.config
    "memorysetup-bucket-allocator-granularity=16"
    "memorysetup-bucket-allocator-bucket-count=8"
    "memorysetup-bucket-allocator-block-size=33554432"
    "memorysetup-bucket-allocator-block-count=8"
    "memorysetup-main-allocator-block-size=16777216"
    "memorysetup-thread-allocator-block-size=16777216"
    "memorysetup-gfx-main-allocator-block-size=16777216"
    "memorysetup-gfx-thread-allocator-block-size=16777216"
    "memorysetup-cache-allocator-block-size=4194304"
    "memorysetup-typetree-allocator-block-size=2097152"
    "memorysetup-profiler-bucket-allocator-granularity=16"
    "memorysetup-profiler-bucket-allocator-bucket-count=8"
    "memorysetup-profiler-bucket-allocator-block-size=33554432"
    "memorysetup-profiler-bucket-allocator-block-count=8"
    "memorysetup-profiler-allocator-block-size=16777216"
    "memorysetup-profiler-editor-allocator-block-size=1048576"
    "memorysetup-temp-allocator-size-main=16777216"
    "memorysetup-job-temp-allocator-block-size=2097152"
    "memorysetup-job-temp-allocator-block-size-background=1048576"
    "memorysetup-job-temp-allocator-reduction-small-platforms=262144"
    "memorysetup-allocator-temp-initial-block-size-main=262144"
    "memorysetup-allocator-temp-initial-block-size-worker=262144"
    "memorysetup-temp-allocator-size-background-worker=32768"
    "memorysetup-temp-allocator-size-job-worker=262144"
    "memorysetup-temp-allocator-size-preload-manager=33554432"
    "memorysetup-temp-allocator-size-nav-mesh-worker=65536"
    "memorysetup-temp-allocator-size-audio-worker=65536"
    "memorysetup-temp-allocator-size-cloud-worker=32768"
    "memorysetup-temp-allocator-size-gi-baking-worker=262144"
    "memorysetup-temp-allocator-size-gfx=262144"
Player connection [77936] Host "[IP] 10.20.103.106 [Port] 0 [Flags] 2 [Guid] 2897045689 [EditorId] 2897045689 [Version] 1048832 [Id] WindowsEditor(7,GameDev-LW) [Debug] 1 [PackageName] WindowsEditor [ProjectName] Editor" joined multi-casting on [225.0.0.222:54997]...

Player connection [77936] Host "[IP] 10.20.103.106 [Port] 0 [Flags] 2 [Guid] 2897045689 [EditorId] 2897045689 [Version] 1048832 [Id] WindowsEditor(7,GameDev-LW) [Debug] 1 [PackageName] WindowsEditor [ProjectName] Editor" joined alternative multi-casting on [225.0.0.222:34997]...

[Physics::Module] Initialized MultithreadedJobDispatcher with 19 workers.
Refreshing native plugins compatible for Editor in 10.49 ms, found 3 plugins.
Preloading 0 native plugins for Editor in 0.00 ms.
Initialize engine version: 2022.3.8f1 (b5eafc012955)
[Subsystems] Discovering subsystems at path C:/Program Files/Unity/Hub/Editor/2022.3.8f1/Editor/Data/Resources/UnitySubsystems
[Subsystems] Discovering subsystems at path C:/Users/liamw/OneDrive/Documents/GitHub/GameAesthetic/game aesthetic/Assets
GfxDevice: creating device client; threaded=0; jobified=0
Direct3D:
    Version:  Direct3D 11.0 [level 11.1]
    Renderer: Intel(R) Iris(R) Xe Graphics (ID=0x46a6)
    Vendor:   Intel
    VRAM:     8027 MB
    Driver:   32.0.101.7077
Initialize mono
Mono path[0] = 'C:/Program Files/Unity/Hub/Editor/2022.3.8f1/Editor/Data/Managed'
Mono path[1] = 'C:/Program Files/Unity/Hub/Editor/2022.3.8f1/Editor/Data/MonoBleedingEdge/lib/mono/unityjit-win32'
Mono config path = 'C:/Program Files/Unity/Hub/Editor/2022.3.8f1/Editor/Data/MonoBleedingEdge/etc'
Using monoOptions --debugger-agent=transport=dt_socket,embedding=1,server=y,suspend=n,address=127.0.0.1:56540
Begin MonoManager ReloadAssembly
Registering precompiled unity dll's ...
Register platform support module: C:/Program Files/Unity/Hub/Editor/2022.3.8f1/Editor/Data/PlaybackEngines/WindowsStandaloneSupport/UnityEditor.WindowsStandalone.Extensions.dll
Registered in 0.007399 seconds.
- Loaded All Assemblies, in  0.340 seconds
Native extension for WindowsStandalone target not found
Mono: successfully reloaded assembly
- Finished resetting the current domain, in  0.252 seconds
Domain Reload Profiling: 590ms
	BeginReloadAssembly (110ms)
		ExecutionOrderSort (0ms)
		DisableScriptedObjects (0ms)
		BackupInstance (0ms)
		ReleaseScriptingObjects (0ms)
		CreateAndSetChildDomain (1ms)
	RebuildCommonClasses (33ms)
	RebuildNativeTypeToScriptingClass (10ms)
	initialDomainReloadingComplete (58ms)
	LoadAllAssembliesAndSetupDomain (127ms)
		LoadAssemblies (107ms)
		RebuildTransferFunctionScriptingTraits (0ms)
		AnalyzeDomain (125ms)
			TypeCache.Refresh (123ms)
				TypeCache.ScanAssembly (110ms)
			ScanForSourceGeneratedMonoScriptInfo (1ms)
			ResolveRequiredComponents (1ms)
	FinalizeReload (252ms)
		ReleaseScriptCaches (0ms)
		RebuildScriptCaches (0ms)
		SetupLoadedEditorAssemblies (194ms)
			LogAssemblyErrors (0ms)
			InitializePlatformSupportModulesInManaged (10ms)
			SetLoadedEditorAssemblies (8ms)
			RefreshPlugins (0ms)
			BeforeProcessingInitializeOnLoad (2ms)
			ProcessInitializeOnLoadAttributes (127ms)
			ProcessInitializeOnLoadMethodAttributes (47ms)
			AfterProcessingInitializeOnLoad (0ms)
			EditorAssembliesLoaded (0ms)
		ExecutionOrderSort2 (0ms)
		AwakeInstancesAfterBackupRestoration (0ms)
========================================================================
Worker process is ready to serve import requests
Begin MonoManager ReloadAssembly
- Loaded All Assemblies, in  0.636 seconds
Refreshing native plugins compatible for Editor in 3.76 ms, found 3 plugins.
Native extension for WindowsStandalone target not found
Mono: successfully reloaded assembly
- Finished resetting the current domain, in  0.624 seconds
Domain Reload Profiling: 1257ms
	BeginReloadAssembly (149ms)
		ExecutionOrderSort (0ms)
		DisableScriptedObjects (5ms)
		BackupInstance (0ms)
		ReleaseScriptingObjects (0ms)
		CreateAndSetChildDomain (19ms)
	RebuildCommonClasses (31ms)
	RebuildNativeTypeToScriptingClass (9ms)
	initialDomainReloadingComplete (43ms)
	LoadAllAssembliesAndSetupDomain (401ms)
		LoadAssemblies (313ms)
		RebuildTransferFunctionScriptingTraits (0ms)
		AnalyzeDomain (180ms)
			TypeCache.Refresh (155ms)
				TypeCache.ScanAssembly (142ms)
			ScanForSourceGeneratedMonoScriptInfo (17ms)
			ResolveRequiredComponents (5ms)
	FinalizeReload (625ms)
		ReleaseScriptCaches (0ms)
		RebuildScriptCaches (0ms)
		SetupLoadedEditorAssemblies (472ms)
			LogAssemblyErrors (0ms)
			InitializePlatformSupportModulesInManaged (6ms)
			SetLoadedEditorAssemblies (6ms)
			RefreshPlugins (0ms)
			BeforeProcessingInitializeOnLoad (69ms)
			ProcessInitializeOnLoadAttributes (366ms)
			ProcessInitializeOnLoadMethodAttributes (18ms)
			AfterProcessingInitializeOnLoad (7ms)
			EditorAssembliesLoaded (0ms)
		ExecutionOrderSort2 (0ms)
		AwakeInstancesAfterBackupRestoration (6ms)
Launched and connected shader compiler UnityShaderCompiler.exe after 0.08 seconds
Refreshing native plugins compatible for Editor in 3.73 ms, found 3 plugins.
Preloading 0 native plugins for Editor in 0.00 ms.
Unloading 3791 Unused Serialized files (Serialized files now loaded: 0)
Unloading 37 unused Assets / (57.3 KB). Loaded Objects now: 4282.
Memory consumption went from 151.8 MB to 151.7 MB.
Total: 4.004700 ms (FindLiveObjects: 0.255600 ms CreateObjectMapping: 0.112600 ms MarkObjects: 3.490600 ms  DeleteObjects: 0.144700 ms)

AssetImportParameters requested are different than current active one (requested -> active):
  custom:container-demuxer-ogg: 62fdf1f143b41e24485cea50d1cbac27 -> 
  custom:video-codec-MediaFoundation-h265: 746d11721c4dcdbdad8f713fa42b33f4 -> 
  custom:video-decoder-ogg-theora: a1e56fd34408186e4bbccfd4996cb3dc -> 
  custom:framework-win-MediaFoundation: 216162199b28c13a410421893ffa2e32 -> 
  custom:CustomObjectIndexerAttribute: 756ad292c208cfabdd7b50bc23989ffe -> 
  custom:container-demuxer-webm: 4f35f7cbe854078d1ac9338744f61a02 -> 
  custom:container-muxer-webm: aa71ff27fc2769a1b78a27578f13a17b -> 
  custom:video-decoder-webm-vp8: 9c59270c3fd7afecdb556c50c9e8de78 -> 
  custom:SearchIndexIgnoredProperties: e643bd26f0fe6173181afceb89e7c659 -> 
  custom:AudioImporter_EditorPlatform: d09bf68614088b80899f8185d706f6e7 -> 
  custom:video-encoder-webm-vp8: eb34c28f22e8b96e1ab97ce403110664 -> 
  custom:audio-decoder-ogg-vorbis: bf7c407c2cedff20999df2af8eb42d56 -> 
  custom:audio-encoder-webm-vorbis: bf7c407c2cedff20999df2af8eb42d56 -> 
========================================================================
Received Import Request.
  Time since last request: 991043.870208 seconds.
  path: Assets/Stuff/Stones
  artifactKey: Guid(3f1bc4803451ac54eac93f6d544c241e) Importer(815301076,1909f56bfc062723c751e8b465ee728b)
Start importing Assets/Stuff/Stones using Guid(3f1bc4803451ac54eac93f6d544c241e) Importer(815301076,1909f56bfc062723c751e8b465ee728b)  -> (artifact id: 'd34fbcffb029481b51feb3de3ebae3a5') in 0.004067 seconds
Number of updated asset objects reloaded before import = 0
Number of asset objects unloaded after import = 0
========================================================================
Received Import Request.
  Time since last request: 0.081995 seconds.
  path: Assets/Stuff/Stones/uploads_files_3604222_LowPoly+Stone+and+Rocks_001_fbx.fbx
  artifactKey: Guid(7f0cae659943c6d40b8cc4f2e737076c) Importer(815301076,1909f56bfc062723c751e8b465ee728b)
Start importing Assets/Stuff/Stones/uploads_files_3604222_LowPoly+Stone+and+Rocks_001_fbx.fbx using Guid(7f0cae659943c6d40b8cc4f2e737076c) Importer(815301076,1909f56bfc062723c751e8b465ee728b)  -> (artifact id: '21d70dfa7d4ff6acd973a898314df4ab') in 1.023544 seconds
Number of updated asset objects reloaded before import = 0
Number of asset objects unloaded after import = 256
========================================================================
Received Import Request.
  Time since last request: 126.968117 seconds.
  path: Assets/Terrain
  artifactKey: Guid(c7e008458fc006740b1b5b891ad43cb7) Importer(815301076,1909f56bfc062723c751e8b465ee728b)
Start importing Assets/Terrain using Guid(c7e008458fc006740b1b5b891ad43cb7) Importer(815301076,1909f56bfc062723c751e8b465ee728b)  -> (artifact id: '60f65ea68782535154994c8da7b51b96') in 0.002592 seconds
Number of updated asset objects reloaded before import = 0
Number of asset objects unloaded after import = 0
========================================================================
Received Import Request.
  Time since last request: 4.426853 seconds.
  path: Assets/Stuff/VertexRageStudio
  artifactKey: Guid(b8551b604850a2b4191223b956aad55a) Importer(815301076,1909f56bfc062723c751e8b465ee728b)
Start importing Assets/Stuff/VertexRageStudio using Guid(b8551b604850a2b4191223b956aad55a) Importer(815301076,1909f56bfc062723c751e8b465ee728b)  -> (artifact id: '64ac6b25b9a4c58cb8c32c05d7839104') in 0.001046 seconds
Number of updated asset objects reloaded before import = 0
Number of asset objects unloaded after import = 0
========================================================================
Received Import Request.
  Time since last request: 1.185881 seconds.
  path: Assets/Stuff/VertexRageStudio/LowPolyNatureEssentials
  artifactKey: Guid(860c5dd85ebf6d141a70c6338f539420) Importer(815301076,1909f56bfc062723c751e8b465ee728b)
Start importing Assets/Stuff/VertexRageStudio/LowPolyNatureEssentials using Guid(860c5dd85ebf6d141a70c6338f539420) Importer(815301076,1909f56bfc062723c751e8b465ee728b)  -> (artifact id: '659a8606f5ca19f42313c154f6a9f889') in 0.001136 seconds
Number of updated asset objects reloaded before import = 0
Number of asset objects unloaded after import = 0
========================================================================
Received Import Request.
  Time since last request: 1.370808 seconds.
  path: Assets/Stuff/VertexRageStudio/LowPolyNatureEssentials/Materials
  artifactKey: Guid(b61aaca681c32ba48bb6dd310867b7df) Importer(815301076,1909f56bfc062723c751e8b465ee728b)
Start importing Assets/Stuff/VertexRageStudio/LowPolyNatureEssentials/Materials using Guid(b61aaca681c32ba48bb6dd310867b7df) Importer(815301076,1909f56bfc062723c751e8b465ee728b)  -> (artifact id: 'e1fb763ea4d41702e888049736d097b5') in 0.000945 seconds
Number of updated asset objects reloaded before import = 0
Number of asset objects unloaded after import = 0
========================================================================
Received Import Request.
  Time since last request: 0.092075 seconds.
  path: Assets/Stuff/VertexRageStudio/LowPolyNatureEssentials/Materials/Base Material.mat
  artifactKey: Guid(5f7e395e01b3c014199f8284b3c6f369) Importer(815301076,1909f56bfc062723c751e8b465ee728b)
Start importing Assets/Stuff/VertexRageStudio/LowPolyNatureEssentials/Materials/Base Material.mat using Guid(5f7e395e01b3c014199f8284b3c6f369) Importer(815301076,1909f56bfc062723c751e8b465ee728b)  -> (artifact id: 'c147013ae32859ba516b5e2e761fa3c6') in 0.049542 seconds
Number of updated asset objects reloaded before import = 0
Number of asset objects unloaded after import = 2
========================================================================
Received Import Request.
  Time since last request: 0.000374 seconds.
  path: Assets/Stuff/VertexRageStudio/LowPolyNatureEssentials/Materials/Ground.mat
  artifactKey: Guid(2ea9c1069599b2545b9197291c4b6ce7) Importer(815301076,1909f56bfc062723c751e8b465ee728b)
Start importing Assets/Stuff/VertexRageStudio/LowPolyNatureEssentials/Materials/Ground.mat using Guid(2ea9c1069599b2545b9197291c4b6ce7) Importer(815301076,1909f56bfc062723c751e8b465ee728b)  -> (artifact id: 'c074aaec080f12f083bd3f7353827103') in 0.058247 seconds
Number of updated asset objects reloaded before import = 0
Number of asset objects unloaded after import = 1
========================================================================
Received Import Request.
  Time since last request: 3.465664 seconds.
  path: Assets/Stuff/VertexRageStudio/LowPolyNatureEssentials/Models
  artifactKey: Guid(e5bdbf9cf3fc5e94cbdfebd6484507b7) Importer(815301076,1909f56bfc062723c751e8b465ee728b)
Start importing Assets/Stuff/VertexRageStudio/LowPolyNatureEssentials/Models using Guid(e5bdbf9cf3fc5e94cbdfebd6484507b7) Importer(815301076,1909f56bfc062723c751e8b465ee728b)  -> (artifact id: 'a50e8aabc82648d8b5012a0b6ff3b212') in 0.001106 seconds
Number of updated asset objects reloaded before import = 0
Number of asset objects unloaded after import = 0
========================================================================
Received Import Request.
  Time since last request: 1.425377 seconds.
  path: Assets/Stuff/VertexRageStudio/LowPolyNatureEssentials/Models/Env
  artifactKey: Guid(c6645faf191084c40b18932f7ff8e818) Importer(815301076,1909f56bfc062723c751e8b465ee728b)
Start importing Assets/Stuff/VertexRageStudio/LowPolyNatureEssentials/Models/Env using Guid(c6645faf191084c40b18932f7ff8e818) Importer(815301076,1909f56bfc062723c751e8b465ee728b)  -> (artifact id: '763018d6e57e8871acdd30375af2eb5c') in 0.013105 seconds
Number of updated asset objects reloaded before import = 0
Number of asset objects unloaded after import = 0
========================================================================
Received Import Request.
  Time since last request: 1.610059 seconds.
  path: Assets/Stuff/VertexRageStudio/LowPolyNatureEssentials/Models/Env/Grass
  artifactKey: Guid(c14f76f8eb3c47f4ca3b142da74958a9) Importer(815301076,1909f56bfc062723c751e8b465ee728b)
Start importing Assets/Stuff/VertexRageStudio/LowPolyNatureEssentials/Models/Env/Grass using Guid(c14f76f8eb3c47f4ca3b142da74958a9) Importer(815301076,1909f56bfc062723c751e8b465ee728b)  -> (artifact id: '7fdc5ad8cdbcae76d3940be9cee31835') in 0.012384 seconds
Number of updated asset objects reloaded before import = 0
Number of asset objects unloaded after import = 0
========================================================================
Received Import Request.
  Time since last request: 1.087447 seconds.
  path: Assets/Stuff/VertexRageStudio/LowPolyNatureEssentials/Models/Env/Grass/GrassLumps
  artifactKey: Guid(15e1d60d3a0fe75478ecf36a7368a454) Importer(815301076,1909f56bfc062723c751e8b465ee728b)
Start importing Assets/Stuff/VertexRageStudio/LowPolyNatureEssentials/Models/Env/Grass/GrassLumps using Guid(15e1d60d3a0fe75478ecf36a7368a454) Importer(815301076,1909f56bfc062723c751e8b465ee728b)  -> (artifact id: '89d68386e2fdd0ef02ed98e0e5745a6c') in 0.012714 seconds
Number of updated asset objects reloaded before import = 0
Number of asset objects unloaded after import = 0
========================================================================
Received Import Request.
  Time since last request: 0.048023 seconds.
  path: Assets/Stuff/VertexRageStudio/LowPolyNatureEssentials/Models/Env/Grass/GrassLumps/GrassLumpD.fbx
  artifactKey: Guid(f94a905e68f55974495d9e831bbc1a9e) Importer(815301076,1909f56bfc062723c751e8b465ee728b)
Start importing Assets/Stuff/VertexRageStudio/LowPolyNatureEssentials/Models/Env/Grass/GrassLumps/GrassLumpD.fbx using Guid(f94a905e68f55974495d9e831bbc1a9e) Importer(815301076,1909f56bfc062723c751e8b465ee728b)  -> (artifact id: '9cba16dae2314cb0ba1752259e47a559') in 0.069174 seconds
Number of updated asset objects reloaded before import = 0
Number of asset objects unloaded after import = 9
========================================================================
Received Import Request.
  Time since last request: 10.899977 seconds.
  path: Assets/Stuff/Textures/Poliigon_GrassPatchyGround_4585
  artifactKey: Guid(d463447cd6b7d3c45a62e51a613ffe9f) Importer(815301076,1909f56bfc062723c751e8b465ee728b)
Start importing Assets/Stuff/Textures/Poliigon_GrassPatchyGround_4585 using Guid(d463447cd6b7d3c45a62e51a613ffe9f) Importer(815301076,1909f56bfc062723c751e8b465ee728b)  -> (artifact id: '14533ddd07c1c705fdba14c4a07e003e') in 0.001105 seconds
Number of updated asset objects reloaded before import = 0
Number of asset objects unloaded after import = 0
========================================================================
Received Import Request.
  Time since last request: 0.302403 seconds.
  path: Assets/Stuff/Textures/Poliigon_GrassPatchyGround_4585/NewLayer.terrainlayer
  artifactKey: Guid(7fd39c7067901cc40af7e7240097db46) Importer(815301076,1909f56bfc062723c751e8b465ee728b)
Start importing Assets/Stuff/Textures/Poliigon_GrassPatchyGround_4585/NewLayer.terrainlayer using Guid(7fd39c7067901cc40af7e7240097db46) Importer(815301076,1909f56bfc062723c751e8b465ee728b)  -> (artifact id: '988c37d6c17f8fcb297df3f942f0bc1a') in 0.094174 seconds
Number of updated asset objects reloaded before import = 0
Number of asset objects unloaded after import = 2
========================================================================
Received Import Request.
  Time since last request: 72.896452 seconds.
  path: Assets/Stuff/Textures/Poliigon_GrassPatchyGround_4585/2K/Poliigon_GrassPatchyGround_4585_BaseColor.jpg
  artifactKey: Guid(1e81e305036415b4481246117ad38059) Importer(815301076,1909f56bfc062723c751e8b465ee728b)
Start importing Assets/Stuff/Textures/Poliigon_GrassPatchyGround_4585/2K/Poliigon_GrassPatchyGround_4585_BaseColor.jpg using Guid(1e81e305036415b4481246117ad38059) Importer(815301076,1909f56bfc062723c751e8b465ee728b)  -> (artifact id: 'fd5cfaace05a4d216d49bdf8a912bde0') in 0.047877 seconds
Number of updated asset objects reloaded before import = 0
Number of asset objects unloaded after import = 2
========================================================================
Received Import Request.
  Time since last request: 7.035178 seconds.
  path: Assets/TextMesh Pro/Examples & Extras/Resources/Fonts & Materials/Anton SDF.asset
  artifactKey: Guid(8a89fa14b10d46a99122fd4f73fca9a2) Importer(815301076,1909f56bfc062723c751e8b465ee728b)
Start importing Assets/TextMesh Pro/Examples & Extras/Resources/Fonts & Materials/Anton SDF.asset using Guid(8a89fa14b10d46a99122fd4f73fca9a2) Importer(815301076,1909f56bfc062723c751e8b465ee728b)  -> (artifact id: '0f07e31006cf5c240929ab1921e7a80c') in 0.044675 seconds
Number of updated asset objects reloaded before import = 0
Number of asset objects unloaded after import = 6
========================================================================
Received Import Request.
  Time since last request: 0.000029 seconds.
  path: Assets/Resources/BCO.72ff6b67-871c-4da5-b7b8-111c6a6b1dab.png
  artifactKey: Guid(18f29ebf331513f4bae54dafeb8ab9b8) Importer(815301076,1909f56bfc062723c751e8b465ee728b)
Start importing Assets/Resources/BCO.72ff6b67-871c-4da5-b7b8-111c6a6b1dab.png using Guid(18f29ebf331513f4bae54dafeb8ab9b8) Importer(815301076,1909f56bfc062723c751e8b465ee728b)  -> (artifact id: 'cf19b526e4c3dc587a34cdc31e21600e') in 0.065979 seconds
Number of updated asset objects reloaded before import = 0
Number of asset objects unloaded after import = 1
========================================================================
Received Import Request.
  Time since last request: 6.695019 seconds.
  path: Assets/Stuff/ProceduralTerrainPainter/_Demo/Layers/Cliffs.terrainlayer
  artifactKey: Guid(69debc15b685aef4aa7bb2783ddd8a2b) Importer(815301076,1909f56bfc062723c751e8b465ee728b)
Start importing Assets/Stuff/ProceduralTerrainPainter/_Demo/Layers/Cliffs.terrainlayer using Guid(69debc15b685aef4aa7bb2783ddd8a2b) Importer(815301076,1909f56bfc062723c751e8b465ee728b)  -> (artifact id: '4dd76f789c9dca46c4bea4baed74b9cc') in 0.092119 seconds
Number of updated asset objects reloaded before import = 0
Number of asset objects unloaded after import = 4
========================================================================
Received Import Request.
  Time since last request: 0.000059 seconds.
  path: Assets/Stuff/ProceduralTerrainPainter/_Demo/Layers/Gravel.terrainlayer
  artifactKey: Guid(0cb80391d22817b42a6231c64293ae96) Importer(815301076,1909f56bfc062723c751e8b465ee728b)
Start importing Assets/Stuff/ProceduralTerrainPainter/_Demo/Layers/Gravel.terrainlayer using Guid(0cb80391d22817b42a6231c64293ae96) Importer(815301076,1909f56bfc062723c751e8b465ee728b)  -> (artifact id: 'e55d99a5b3b8d7dd3f679412070d873e') in 0.074294 seconds
Number of updated asset objects reloaded before import = 0
Number of asset objects unloaded after import = 4
========================================================================
Received Import Request.
  Time since last request: 14.864401 seconds.
  path: Assets/Stuff/ProceduralTerrainPainter/_Demo/Textures/Ground_037_Normals.png
  artifactKey: Guid(583f9047eed05c342b9997b4ff0270a3) Importer(815301076,1909f56bfc062723c751e8b465ee728b)
Start importing Assets/Stuff/ProceduralTerrainPainter/_Demo/Textures/Ground_037_Normals.png using Guid(583f9047eed05c342b9997b4ff0270a3) Importer(815301076,1909f56bfc062723c751e8b465ee728b)  -> (artifact id: 'ed94ba4b5cac604467de625dc6670b0a') in 0.049663 seconds
Number of updated asset objects reloaded before import = 0
Number of asset objects unloaded after import = 2
========================================================================
Received Import Request.
  Time since last request: 1.678185 seconds.
  path: Assets/Stuff/ProceduralTerrainPainter/_Demo/Textures/Gravel_020_Albedo.png
  artifactKey: Guid(2abbf73cff3e28c429570b6ac2d1d41b) Importer(815301076,1909f56bfc062723c751e8b465ee728b)
Start importing Assets/Stuff/ProceduralTerrainPainter/_Demo/Textures/Gravel_020_Albedo.png using Guid(2abbf73cff3e28c429570b6ac2d1d41b) Importer(815301076,1909f56bfc062723c751e8b465ee728b)  -> (artifact id: '7cde55f9209f37927ba5fbdd01866843') in 0.045176 seconds
Number of updated asset objects reloaded before import = 0
Number of asset objects unloaded after import = 2
========================================================================
Received Import Request.
  Time since last request: 0.000317 seconds.
  path: Assets/Stuff/ProceduralTerrainPainter/_Demo/Textures/Ground_008_Albedo.png
  artifactKey: Guid(f4c2b7e2446a93443a8602ed52450824) Importer(815301076,1909f56bfc062723c751e8b465ee728b)
Start importing Assets/Stuff/ProceduralTerrainPainter/_Demo/Textures/Ground_008_Albedo.png using Guid(f4c2b7e2446a93443a8602ed52450824) Importer(815301076,1909f56bfc062723c751e8b465ee728b)  -> (artifact id: 'e5282e692fc46b1600327e40b51c9d0d') in 0.027117 seconds
Number of updated asset objects reloaded before import = 0
Number of asset objects unloaded after import = 2
========================================================================
Received Import Request.
  Time since last request: 0.000218 seconds.
  path: Assets/Stuff/ProceduralTerrainPainter/_Demo/Textures/Sand_034_Normals.png
  artifactKey: Guid(a89790c8eca6fc54db66b07dd4dc3ddb) Importer(815301076,1909f56bfc062723c751e8b465ee728b)
Start importing Assets/Stuff/ProceduralTerrainPainter/_Demo/Textures/Sand_034_Normals.png using Guid(a89790c8eca6fc54db66b07dd4dc3ddb) Importer(815301076,1909f56bfc062723c751e8b465ee728b)  -> (artifact id: '3ca699d5fd4e07f34d01592bb32268f0') in 0.029552 seconds
Number of updated asset objects reloaded before import = 0
Number of asset objects unloaded after import = 2
========================================================================
Received Import Request.
  Time since last request: 0.000030 seconds.
  path: Assets/Stuff/ProceduralTerrainPainter/_Demo/Textures/Snow_006_Normals.png
  artifactKey: Guid(55e05f56a6aa4804ea4a76b5b7b35fd1) Importer(815301076,1909f56bfc062723c751e8b465ee728b)
Start importing Assets/Stuff/ProceduralTerrainPainter/_Demo/Textures/Snow_006_Normals.png using Guid(55e05f56a6aa4804ea4a76b5b7b35fd1) Importer(815301076,1909f56bfc062723c751e8b465ee728b)  -> (artifact id: '5ec0ab83931be066dd83cce4cd78184c') in 0.055531 seconds
Number of updated asset objects reloaded before import = 0
Number of asset objects unloaded after import = 2
Editor requested this worker to shutdown with reason: Scaling down because of idle timeout
TcpMessagingSession - receive error: operation aborted. errorcode: 995, details: The I/O operation has been aborted because of either a thread exit or an application request.
AssetImportWorker is now disconnected from the server
Process exiting
Exiting without the bug reporter. Application will terminate with return code 0