Using pre-set license
Built from '2022.3/staging' branch; Version is '2022.3.8f1 (b5eafc012955) revision 11922172'; Using compiler version '192829333'; Build Type 'Release'
OS: 'Windows 10  (10.0.19044) 64bit Core' Language: 'en' Physical Memory: 16314 MB
BatchMode: 1, IsHumanControllingUs: 0, StartBugReporterOnCrash: 0, Is64bit: 1, IsPro: 1

COMMAND LINE ARGUMENTS:
C:\Program Files\Unity\Hub\Editor\2022.3.8f1\Editor\Unity.exe
-adb2
-batchMode
-noUpm
-name
AssetImportWorker2
-projectPath
C:/Users/liamw/OneDrive/Documents/GitHub/GameAesthetic/game aesthetic
-logFile
Logs/AssetImportWorker2.log
-srvPort
63872
Successfully changed project path to: C:/Users/liamw/OneDrive/Documents/GitHub/GameAesthetic/game aesthetic
C:/Users/liamw/OneDrive/Documents/GitHub/GameAesthetic/game aesthetic
[UnityMemory] Configuration Parameters - Can be set up in boot.config
    "memorysetup-bucket-allocator-granularity=16"
    "memorysetup-bucket-allocator-bucket-count=8"
    "memorysetup-bucket-allocator-block-size=33554432"
    "memorysetup-bucket-allocator-block-count=8"
    "memorysetup-main-allocator-block-size=16777216"
    "memorysetup-thread-allocator-block-size=16777216"
    "memorysetup-gfx-main-allocator-block-size=16777216"
    "memorysetup-gfx-thread-allocator-block-size=16777216"
    "memorysetup-cache-allocator-block-size=4194304"
    "memorysetup-typetree-allocator-block-size=2097152"
    "memorysetup-profiler-bucket-allocator-granularity=16"
    "memorysetup-profiler-bucket-allocator-bucket-count=8"
    "memorysetup-profiler-bucket-allocator-block-size=33554432"
    "memorysetup-profiler-bucket-allocator-block-count=8"
    "memorysetup-profiler-allocator-block-size=16777216"
    "memorysetup-profiler-editor-allocator-block-size=1048576"
    "memorysetup-temp-allocator-size-main=16777216"
    "memorysetup-job-temp-allocator-block-size=2097152"
    "memorysetup-job-temp-allocator-block-size-background=1048576"
    "memorysetup-job-temp-allocator-reduction-small-platforms=262144"
    "memorysetup-allocator-temp-initial-block-size-main=262144"
    "memorysetup-allocator-temp-initial-block-size-worker=262144"
    "memorysetup-temp-allocator-size-background-worker=32768"
    "memorysetup-temp-allocator-size-job-worker=262144"
    "memorysetup-temp-allocator-size-preload-manager=33554432"
    "memorysetup-temp-allocator-size-nav-mesh-worker=65536"
    "memorysetup-temp-allocator-size-audio-worker=65536"
    "memorysetup-temp-allocator-size-cloud-worker=32768"
    "memorysetup-temp-allocator-size-gi-baking-worker=262144"
    "memorysetup-temp-allocator-size-gfx=262144"
Player connection [31204] Host "[IP] 192.168.0.104 [Port] 0 [Flags] 2 [Guid] 3016554021 [EditorId] 3016554021 [Version] 1048832 [Id] WindowsEditor(7,GameCrafter-LW) [Debug] 1 [PackageName] WindowsEditor [ProjectName] Editor" joined multi-casting on [225.0.0.222:54997]...

Player connection [31204] Host "[IP] 192.168.0.104 [Port] 0 [Flags] 2 [Guid] 3016554021 [EditorId] 3016554021 [Version] 1048832 [Id] WindowsEditor(7,GameCrafter-LW) [Debug] 1 [PackageName] WindowsEditor [ProjectName] Editor" joined alternative multi-casting on [225.0.0.222:34997]...

[Physics::Module] Initialized MultithreadedJobDispatcher with 15 workers.
Refreshing native plugins compatible for Editor in 12.78 ms, found 3 plugins.
Preloading 0 native plugins for Editor in 0.00 ms.
Initialize engine version: 2022.3.8f1 (b5eafc012955)
[Subsystems] Discovering subsystems at path C:/Program Files/Unity/Hub/Editor/2022.3.8f1/Editor/Data/Resources/UnitySubsystems
[Subsystems] Discovering subsystems at path C:/Users/liamw/OneDrive/Documents/GitHub/GameAesthetic/game aesthetic/Assets
GfxDevice: creating device client; threaded=0; jobified=0
Direct3D:
    Version:  Direct3D 11.0 [level 11.1]
    Renderer: NVIDIA GeForce RTX 2060 SUPER (ID=0x1f06)
    Vendor:   NVIDIA
    VRAM:     8006 MB
    Driver:   32.0.15.8115
Initialize mono
Mono path[0] = 'C:/Program Files/Unity/Hub/Editor/2022.3.8f1/Editor/Data/Managed'
Mono path[1] = 'C:/Program Files/Unity/Hub/Editor/2022.3.8f1/Editor/Data/MonoBleedingEdge/lib/mono/unityjit-win32'
Mono config path = 'C:/Program Files/Unity/Hub/Editor/2022.3.8f1/Editor/Data/MonoBleedingEdge/etc'
Using monoOptions --debugger-agent=transport=dt_socket,embedding=1,server=y,suspend=n,address=127.0.0.1:56004
Begin MonoManager ReloadAssembly
Registering precompiled unity dll's ...
Register platform support module: C:/Program Files/Unity/Hub/Editor/2022.3.8f1/Editor/Data/PlaybackEngines/WindowsStandaloneSupport/UnityEditor.WindowsStandalone.Extensions.dll
Registered in 0.016406 seconds.
- Loaded All Assemblies, in  0.443 seconds
Native extension for WindowsStandalone target not found
Mono: successfully reloaded assembly
- Finished resetting the current domain, in  0.300 seconds
Domain Reload Profiling: 739ms
	BeginReloadAssembly (150ms)
		ExecutionOrderSort (0ms)
		DisableScriptedObjects (0ms)
		BackupInstance (0ms)
		ReleaseScriptingObjects (0ms)
		CreateAndSetChildDomain (1ms)
	RebuildCommonClasses (40ms)
	RebuildNativeTypeToScriptingClass (12ms)
	initialDomainReloadingComplete (81ms)
	LoadAllAssembliesAndSetupDomain (155ms)
		LoadAssemblies (145ms)
		RebuildTransferFunctionScriptingTraits (0ms)
		AnalyzeDomain (153ms)
			TypeCache.Refresh (151ms)
				TypeCache.ScanAssembly (136ms)
			ScanForSourceGeneratedMonoScriptInfo (0ms)
			ResolveRequiredComponents (1ms)
	FinalizeReload (301ms)
		ReleaseScriptCaches (0ms)
		RebuildScriptCaches (0ms)
		SetupLoadedEditorAssemblies (235ms)
			LogAssemblyErrors (0ms)
			InitializePlatformSupportModulesInManaged (13ms)
			SetLoadedEditorAssemblies (8ms)
			RefreshPlugins (0ms)
			BeforeProcessingInitializeOnLoad (2ms)
			ProcessInitializeOnLoadAttributes (151ms)
			ProcessInitializeOnLoadMethodAttributes (61ms)
			AfterProcessingInitializeOnLoad (0ms)
			EditorAssembliesLoaded (0ms)
		ExecutionOrderSort2 (0ms)
		AwakeInstancesAfterBackupRestoration (0ms)
========================================================================
Worker process is ready to serve import requests
Begin MonoManager ReloadAssembly
- Loaded All Assemblies, in  0.952 seconds
Refreshing native plugins compatible for Editor in 5.83 ms, found 3 plugins.
Native extension for WindowsStandalone target not found
Mono: successfully reloaded assembly
- Finished resetting the current domain, in  1.099 seconds
Domain Reload Profiling: 2035ms
	BeginReloadAssembly (211ms)
		ExecutionOrderSort (0ms)
		DisableScriptedObjects (7ms)
		BackupInstance (0ms)
		ReleaseScriptingObjects (0ms)
		CreateAndSetChildDomain (31ms)
	RebuildCommonClasses (47ms)
	RebuildNativeTypeToScriptingClass (16ms)
	initialDomainReloadingComplete (81ms)
	LoadAllAssembliesAndSetupDomain (581ms)
		LoadAssemblies (474ms)
		RebuildTransferFunctionScriptingTraits (0ms)
		AnalyzeDomain (227ms)
			TypeCache.Refresh (199ms)
				TypeCache.ScanAssembly (184ms)
			ScanForSourceGeneratedMonoScriptInfo (20ms)
			ResolveRequiredComponents (4ms)
	FinalizeReload (1099ms)
		ReleaseScriptCaches (0ms)
		RebuildScriptCaches (0ms)
		SetupLoadedEditorAssemblies (890ms)
			LogAssemblyErrors (0ms)
			InitializePlatformSupportModulesInManaged (9ms)
			SetLoadedEditorAssemblies (4ms)
			RefreshPlugins (0ms)
			BeforeProcessingInitializeOnLoad (94ms)
			ProcessInitializeOnLoadAttributes (723ms)
			ProcessInitializeOnLoadMethodAttributes (33ms)
			AfterProcessingInitializeOnLoad (26ms)
			EditorAssembliesLoaded (0ms)
		ExecutionOrderSort2 (0ms)
		AwakeInstancesAfterBackupRestoration (18ms)
Launched and connected shader compiler UnityShaderCompiler.exe after 0.10 seconds
Refreshing native plugins compatible for Editor in 8.64 ms, found 3 plugins.
Preloading 0 native plugins for Editor in 0.00 ms.
Unloading 3777 Unused Serialized files (Serialized files now loaded: 0)
Unloading 37 unused Assets / (57.1 KB). Loaded Objects now: 4262.
Memory consumption went from 149.5 MB to 149.4 MB.
Total: 6.247900 ms (FindLiveObjects: 0.581400 ms CreateObjectMapping: 0.173200 ms MarkObjects: 5.341600 ms  DeleteObjects: 0.149900 ms)

AssetImportParameters requested are different than current active one (requested -> active):
  custom:container-demuxer-ogg: 62fdf1f143b41e24485cea50d1cbac27 -> 
  custom:video-decoder-ogg-theora: a1e56fd34408186e4bbccfd4996cb3dc -> 
  custom:framework-win-MediaFoundation: 216162199b28c13a410421893ffa2e32 -> 
  custom:CustomObjectIndexerAttribute: 756ad292c208cfabdd7b50bc23989ffe -> 
  custom:container-demuxer-webm: 4f35f7cbe854078d1ac9338744f61a02 -> 
  custom:container-muxer-webm: aa71ff27fc2769a1b78a27578f13a17b -> 
  custom:video-decoder-webm-vp8: 9c59270c3fd7afecdb556c50c9e8de78 -> 
  custom:SearchIndexIgnoredProperties: e643bd26f0fe6173181afceb89e7c659 -> 
  custom:AudioImporter_EditorPlatform: d09bf68614088b80899f8185d706f6e7 -> 
  custom:video-encoder-webm-vp8: eb34c28f22e8b96e1ab97ce403110664 -> 
  custom:audio-decoder-ogg-vorbis: bf7c407c2cedff20999df2af8eb42d56 -> 
  custom:audio-encoder-webm-vorbis: bf7c407c2cedff20999df2af8eb42d56 -> 
========================================================================
Received Import Request.
  Time since last request: 107392.924230 seconds.
  path: Assets/Episode10_Assets_RTS/DirectionIndicator.cs
  artifactKey: Guid(aa366bfb902b2484abc05f1cff2664f0) Importer(815301076,1909f56bfc062723c751e8b465ee728b)
Start importing Assets/Episode10_Assets_RTS/DirectionIndicator.cs using Guid(aa366bfb902b2484abc05f1cff2664f0) Importer(815301076,1909f56bfc062723c751e8b465ee728b)  -> (artifact id: '85b371a03e7b238565bfca07f04abe78') in 0.004748 seconds
Number of updated asset objects reloaded before import = 0
Number of asset objects unloaded after import = 0
========================================================================
Received Import Request.
  Time since last request: 1.494504 seconds.
  path: Assets/Episode10_Assets_RTS/CursorManager.cs
  artifactKey: Guid(757d20ee418597a4f8de72d97a83b848) Importer(815301076,1909f56bfc062723c751e8b465ee728b)
Start importing Assets/Episode10_Assets_RTS/CursorManager.cs using Guid(757d20ee418597a4f8de72d97a83b848) Importer(815301076,1909f56bfc062723c751e8b465ee728b)  -> (artifact id: 'eee5d049c9c08b0a2bc5b329db919477') in 0.000786 seconds
Number of updated asset objects reloaded before import = 0
Number of asset objects unloaded after import = 0
========================================================================
Received Import Request.
  Time since last request: 45.341832 seconds.
  path: Assets/Resources
  artifactKey: Guid(cb7771139b33e7b45aa25dd6c58a5716) Importer(815301076,1909f56bfc062723c751e8b465ee728b)
Start importing Assets/Resources using Guid(cb7771139b33e7b45aa25dd6c58a5716) Importer(815301076,1909f56bfc062723c751e8b465ee728b)  -> (artifact id: 'f2bda567589cd2b5f35e3b6b4579b7b1') in 0.000625 seconds
Number of updated asset objects reloaded before import = 0
Number of asset objects unloaded after import = 0
========================================================================
Received Import Request.
  Time since last request: 0.359729 seconds.
  path: Assets/Resources/BCO.72ff6b67-871c-4da5-b7b8-111c6a6b1dab.png
  artifactKey: Guid(18f29ebf331513f4bae54dafeb8ab9b8) Importer(815301076,1909f56bfc062723c751e8b465ee728b)
Start importing Assets/Resources/BCO.72ff6b67-871c-4da5-b7b8-111c6a6b1dab.png using Guid(18f29ebf331513f4bae54dafeb8ab9b8) Importer(815301076,1909f56bfc062723c751e8b465ee728b)  -> (artifact id: '05411f7ea0bf9460eb1868c529decf80') in 0.136484 seconds
Number of updated asset objects reloaded before import = 0
Number of asset objects unloaded after import = 1
========================================================================
Received Import Request.
  Time since last request: 0.000025 seconds.
  path: Assets/Resources/Unit.prefab
  artifactKey: Guid(08461e7a6de56654a9417f6b6405c470) Importer(815301076,1909f56bfc062723c751e8b465ee728b)
Start importing Assets/Resources/Unit.prefab using Guid(08461e7a6de56654a9417f6b6405c470) Importer(815301076,1909f56bfc062723c751e8b465ee728b)  -> (artifact id: '1dcf23b0c6b23496566e4ab45f320615') in 0.155711 seconds
Number of updated asset objects reloaded before import = 0
Number of asset objects unloaded after import = 113
========================================================================
Received Import Request.
  Time since last request: 0.000027 seconds.
  path: Assets/Resources/UnitUI.prefab
  artifactKey: Guid(c0fb8fcb57b244e4eb6dbc7b287d77cf) Importer(815301076,1909f56bfc062723c751e8b465ee728b)
Start importing Assets/Resources/UnitUI.prefab using Guid(c0fb8fcb57b244e4eb6dbc7b287d77cf) Importer(815301076,1909f56bfc062723c751e8b465ee728b)  -> (artifact id: 'f54afc86855ed1aeacbedf57e21b90c9') in 0.029612 seconds
Number of updated asset objects reloaded before import = 0
Number of asset objects unloaded after import = 46
========================================================================
Received Import Request.
  Time since last request: 2.710424 seconds.
  path: Assets/Animation
  artifactKey: Guid(7a6e3e13e1512ae41bb6bcfef6c248b8) Importer(815301076,1909f56bfc062723c751e8b465ee728b)
Start importing Assets/Animation using Guid(7a6e3e13e1512ae41bb6bcfef6c248b8) Importer(815301076,1909f56bfc062723c751e8b465ee728b)  -> (artifact id: 'c01312e920055a9f21c86598cc75a86f') in 0.000638 seconds
Number of updated asset objects reloaded before import = 0
Number of asset objects unloaded after import = 0
========================================================================
Received Import Request.
  Time since last request: 3.871307 seconds.
  path: Assets/Materials
  artifactKey: Guid(29af487856631274fb1ebe9c3be39d27) Importer(815301076,1909f56bfc062723c751e8b465ee728b)
Start importing Assets/Materials using Guid(29af487856631274fb1ebe9c3be39d27) Importer(815301076,1909f56bfc062723c751e8b465ee728b)  -> (artifact id: '642df13414faa2bd61936953b9a37ed3') in 0.000595 seconds
Number of updated asset objects reloaded before import = 0
Number of asset objects unloaded after import = 0
========================================================================
Received Import Request.
  Time since last request: 11.507809 seconds.
  path: Assets/Materials/GroundMarker
  artifactKey: Guid(c62b751789e81ad4c8b8593a46906305) Importer(815301076,1909f56bfc062723c751e8b465ee728b)
Start importing Assets/Materials/GroundMarker using Guid(c62b751789e81ad4c8b8593a46906305) Importer(815301076,1909f56bfc062723c751e8b465ee728b)  -> (artifact id: '3661050011c8d8dd0b1758c508ef89ad') in 0.000588 seconds
Number of updated asset objects reloaded before import = 0
Number of asset objects unloaded after import = 0
========================================================================
Received Prepare
Begin MonoManager ReloadAssembly
- Loaded All Assemblies, in  0.615 seconds
Refreshing native plugins compatible for Editor in 7.05 ms, found 3 plugins.
Native extension for WindowsStandalone target not found
Mono: successfully reloaded assembly
- Finished resetting the current domain, in  1.462 seconds
Domain Reload Profiling: 2068ms
	BeginReloadAssembly (195ms)
		ExecutionOrderSort (0ms)
		DisableScriptedObjects (6ms)
		BackupInstance (0ms)
		ReleaseScriptingObjects (0ms)
		CreateAndSetChildDomain (42ms)
	RebuildCommonClasses (39ms)
	RebuildNativeTypeToScriptingClass (13ms)
	initialDomainReloadingComplete (41ms)
	LoadAllAssembliesAndSetupDomain (317ms)
		LoadAssemblies (391ms)
		RebuildTransferFunctionScriptingTraits (0ms)
		AnalyzeDomain (35ms)
			TypeCache.Refresh (9ms)
				TypeCache.ScanAssembly (1ms)
			ScanForSourceGeneratedMonoScriptInfo (17ms)
			ResolveRequiredComponents (6ms)
	FinalizeReload (1462ms)
		ReleaseScriptCaches (0ms)
		RebuildScriptCaches (0ms)
		SetupLoadedEditorAssemblies (710ms)
			LogAssemblyErrors (0ms)
			InitializePlatformSupportModulesInManaged (9ms)
			SetLoadedEditorAssemblies (5ms)
			RefreshPlugins (0ms)
			BeforeProcessingInitializeOnLoad (87ms)
			ProcessInitializeOnLoadAttributes (574ms)
			ProcessInitializeOnLoadMethodAttributes (20ms)
			AfterProcessingInitializeOnLoad (16ms)
			EditorAssembliesLoaded (0ms)
		ExecutionOrderSort2 (0ms)
		AwakeInstancesAfterBackupRestoration (14ms)
Refreshing native plugins compatible for Editor in 6.34 ms, found 3 plugins.
Preloading 0 native plugins for Editor in 0.00 ms.
Unloading 3753 Unused Serialized files (Serialized files now loaded: 0)
Unloading 27 unused Assets / (32.8 KB). Loaded Objects now: 4279.
Memory consumption went from 148.2 MB to 148.2 MB.
Total: 5.341300 ms (FindLiveObjects: 0.433000 ms CreateObjectMapping: 0.111200 ms MarkObjects: 4.649400 ms  DeleteObjects: 0.146600 ms)

Prepare: number of updated asset objects reloaded= 0
AssetImportParameters requested are different than current active one (requested -> active):
  custom:container-demuxer-ogg: 62fdf1f143b41e24485cea50d1cbac27 -> 
  custom:video-decoder-ogg-theora: a1e56fd34408186e4bbccfd4996cb3dc -> 
  custom:framework-win-MediaFoundation: 216162199b28c13a410421893ffa2e32 -> 
  custom:CustomObjectIndexerAttribute: 756ad292c208cfabdd7b50bc23989ffe -> 
  custom:container-demuxer-webm: 4f35f7cbe854078d1ac9338744f61a02 -> 
  custom:container-muxer-webm: aa71ff27fc2769a1b78a27578f13a17b -> 
  custom:video-decoder-webm-vp8: 9c59270c3fd7afecdb556c50c9e8de78 -> 
  custom:SearchIndexIgnoredProperties: e643bd26f0fe6173181afceb89e7c659 -> 
  custom:AudioImporter_EditorPlatform: d09bf68614088b80899f8185d706f6e7 -> 
  custom:video-encoder-webm-vp8: eb34c28f22e8b96e1ab97ce403110664 -> 
  custom:audio-decoder-ogg-vorbis: bf7c407c2cedff20999df2af8eb42d56 -> 
  custom:audio-encoder-webm-vorbis: bf7c407c2cedff20999df2af8eb42d56 -> 
========================================================================
Received Import Request.
  Time since last request: 802.416118 seconds.
  path: Assets/Scripts/DirectionIndicator.cs
  artifactKey: Guid(aa366bfb902b2484abc05f1cff2664f0) Importer(815301076,1909f56bfc062723c751e8b465ee728b)
Start importing Assets/Scripts/DirectionIndicator.cs using Guid(aa366bfb902b2484abc05f1cff2664f0) Importer(815301076,1909f56bfc062723c751e8b465ee728b)  -> (artifact id: 'e7468a93e77d40b60baeb52666a532a0') in 0.004231 seconds
Number of updated asset objects reloaded before import = 0
Number of asset objects unloaded after import = 0
========================================================================
Received Prepare
Begin MonoManager ReloadAssembly
- Loaded All Assemblies, in  0.785 seconds
Refreshing native plugins compatible for Editor in 5.71 ms, found 3 plugins.
Native extension for WindowsStandalone target not found
Mono: successfully reloaded assembly
- Finished resetting the current domain, in  1.618 seconds
Domain Reload Profiling: 2397ms
	BeginReloadAssembly (244ms)
		ExecutionOrderSort (0ms)
		DisableScriptedObjects (6ms)
		BackupInstance (0ms)
		ReleaseScriptingObjects (0ms)
		CreateAndSetChildDomain (55ms)
	RebuildCommonClasses (47ms)
	RebuildNativeTypeToScriptingClass (14ms)
	initialDomainReloadingComplete (48ms)
	LoadAllAssembliesAndSetupDomain (425ms)
		LoadAssemblies (529ms)
		RebuildTransferFunctionScriptingTraits (0ms)
		AnalyzeDomain (33ms)
			TypeCache.Refresh (11ms)
				TypeCache.ScanAssembly (1ms)
			ScanForSourceGeneratedMonoScriptInfo (14ms)
			ResolveRequiredComponents (6ms)
	FinalizeReload (1618ms)
		ReleaseScriptCaches (0ms)
		RebuildScriptCaches (0ms)
		SetupLoadedEditorAssemblies (793ms)
			LogAssemblyErrors (0ms)
			InitializePlatformSupportModulesInManaged (13ms)
			SetLoadedEditorAssemblies (8ms)
			RefreshPlugins (0ms)
			BeforeProcessingInitializeOnLoad (99ms)
			ProcessInitializeOnLoadAttributes (638ms)
			ProcessInitializeOnLoadMethodAttributes (21ms)
			AfterProcessingInitializeOnLoad (15ms)
			EditorAssembliesLoaded (0ms)
		ExecutionOrderSort2 (0ms)
		AwakeInstancesAfterBackupRestoration (12ms)
Refreshing native plugins compatible for Editor in 6.38 ms, found 3 plugins.
Preloading 0 native plugins for Editor in 0.00 ms.
Unloading 3753 Unused Serialized files (Serialized files now loaded: 0)
Unloading 21 unused Assets / (30.2 KB). Loaded Objects now: 4283.
Memory consumption went from 148.2 MB to 148.2 MB.
Total: 5.735400 ms (FindLiveObjects: 0.739800 ms CreateObjectMapping: 0.205100 ms MarkObjects: 4.730600 ms  DeleteObjects: 0.057300 ms)

Prepare: number of updated asset objects reloaded= 0
AssetImportParameters requested are different than current active one (requested -> active):
  custom:container-demuxer-ogg: 62fdf1f143b41e24485cea50d1cbac27 -> 
  custom:video-decoder-ogg-theora: a1e56fd34408186e4bbccfd4996cb3dc -> 
  custom:framework-win-MediaFoundation: 216162199b28c13a410421893ffa2e32 -> 
  custom:CustomObjectIndexerAttribute: 756ad292c208cfabdd7b50bc23989ffe -> 
  custom:container-demuxer-webm: 4f35f7cbe854078d1ac9338744f61a02 -> 
  custom:container-muxer-webm: aa71ff27fc2769a1b78a27578f13a17b -> 
  custom:video-decoder-webm-vp8: 9c59270c3fd7afecdb556c50c9e8de78 -> 
  custom:SearchIndexIgnoredProperties: e643bd26f0fe6173181afceb89e7c659 -> 
  custom:AudioImporter_EditorPlatform: d09bf68614088b80899f8185d706f6e7 -> 
  custom:video-encoder-webm-vp8: eb34c28f22e8b96e1ab97ce403110664 -> 
  custom:audio-decoder-ogg-vorbis: bf7c407c2cedff20999df2af8eb42d56 -> 
  custom:audio-encoder-webm-vorbis: bf7c407c2cedff20999df2af8eb42d56 -> 
========================================================================
Received Prepare
Begin MonoManager ReloadAssembly
- Loaded All Assemblies, in  0.605 seconds
Refreshing native plugins compatible for Editor in 6.36 ms, found 3 plugins.
Native extension for WindowsStandalone target not found
Mono: successfully reloaded assembly
- Finished resetting the current domain, in  1.458 seconds
Domain Reload Profiling: 2057ms
	BeginReloadAssembly (200ms)
		ExecutionOrderSort (0ms)
		DisableScriptedObjects (6ms)
		BackupInstance (0ms)
		ReleaseScriptingObjects (0ms)
		CreateAndSetChildDomain (39ms)
	RebuildCommonClasses (39ms)
	RebuildNativeTypeToScriptingClass (12ms)
	initialDomainReloadingComplete (44ms)
	LoadAllAssembliesAndSetupDomain (303ms)
		LoadAssemblies (403ms)
		RebuildTransferFunctionScriptingTraits (0ms)
		AnalyzeDomain (16ms)
			TypeCache.Refresh (9ms)
				TypeCache.ScanAssembly (0ms)
			ScanForSourceGeneratedMonoScriptInfo (0ms)
			ResolveRequiredComponents (6ms)
	FinalizeReload (1459ms)
		ReleaseScriptCaches (0ms)
		RebuildScriptCaches (0ms)
		SetupLoadedEditorAssemblies (724ms)
			LogAssemblyErrors (0ms)
			InitializePlatformSupportModulesInManaged (10ms)
			SetLoadedEditorAssemblies (5ms)
			RefreshPlugins (0ms)
			BeforeProcessingInitializeOnLoad (90ms)
			ProcessInitializeOnLoadAttributes (582ms)
			ProcessInitializeOnLoadMethodAttributes (20ms)
			AfterProcessingInitializeOnLoad (16ms)
			EditorAssembliesLoaded (0ms)
		ExecutionOrderSort2 (0ms)
		AwakeInstancesAfterBackupRestoration (14ms)
Refreshing native plugins compatible for Editor in 6.40 ms, found 3 plugins.
Preloading 0 native plugins for Editor in 0.00 ms.
Unloading 3753 Unused Serialized files (Serialized files now loaded: 0)
Unloading 21 unused Assets / (30.2 KB). Loaded Objects now: 4287.
Memory consumption went from 148.2 MB to 148.2 MB.
Total: 4.420700 ms (FindLiveObjects: 0.381100 ms CreateObjectMapping: 0.095800 ms MarkObjects: 3.872900 ms  DeleteObjects: 0.069800 ms)

Prepare: number of updated asset objects reloaded= 0
AssetImportParameters requested are different than current active one (requested -> active):
  custom:container-demuxer-ogg: 62fdf1f143b41e24485cea50d1cbac27 -> 
  custom:video-decoder-ogg-theora: a1e56fd34408186e4bbccfd4996cb3dc -> 
  custom:framework-win-MediaFoundation: 216162199b28c13a410421893ffa2e32 -> 
  custom:CustomObjectIndexerAttribute: 756ad292c208cfabdd7b50bc23989ffe -> 
  custom:container-demuxer-webm: 4f35f7cbe854078d1ac9338744f61a02 -> 
  custom:container-muxer-webm: aa71ff27fc2769a1b78a27578f13a17b -> 
  custom:video-decoder-webm-vp8: 9c59270c3fd7afecdb556c50c9e8de78 -> 
  custom:SearchIndexIgnoredProperties: e643bd26f0fe6173181afceb89e7c659 -> 
  custom:AudioImporter_EditorPlatform: d09bf68614088b80899f8185d706f6e7 -> 
  custom:video-encoder-webm-vp8: eb34c28f22e8b96e1ab97ce403110664 -> 
  custom:audio-decoder-ogg-vorbis: bf7c407c2cedff20999df2af8eb42d56 -> 
  custom:audio-encoder-webm-vorbis: bf7c407c2cedff20999df2af8eb42d56 -> 
========================================================================
Received Prepare
Begin MonoManager ReloadAssembly
- Loaded All Assemblies, in  0.597 seconds
Refreshing native plugins compatible for Editor in 5.44 ms, found 3 plugins.
Native extension for WindowsStandalone target not found
Mono: successfully reloaded assembly
- Finished resetting the current domain, in  1.468 seconds
Domain Reload Profiling: 2057ms
	BeginReloadAssembly (196ms)
		ExecutionOrderSort (0ms)
		DisableScriptedObjects (6ms)
		BackupInstance (0ms)
		ReleaseScriptingObjects (0ms)
		CreateAndSetChildDomain (42ms)
	RebuildCommonClasses (45ms)
	RebuildNativeTypeToScriptingClass (13ms)
	initialDomainReloadingComplete (43ms)
	LoadAllAssembliesAndSetupDomain (292ms)
		LoadAssemblies (384ms)
		RebuildTransferFunctionScriptingTraits (0ms)
		AnalyzeDomain (16ms)
			TypeCache.Refresh (9ms)
				TypeCache.ScanAssembly (0ms)
			ScanForSourceGeneratedMonoScriptInfo (0ms)
			ResolveRequiredComponents (6ms)
	FinalizeReload (1469ms)
		ReleaseScriptCaches (0ms)
		RebuildScriptCaches (0ms)
		SetupLoadedEditorAssemblies (718ms)
			LogAssemblyErrors (0ms)
			InitializePlatformSupportModulesInManaged (9ms)
			SetLoadedEditorAssemblies (5ms)
			RefreshPlugins (0ms)
			BeforeProcessingInitializeOnLoad (91ms)
			ProcessInitializeOnLoadAttributes (576ms)
			ProcessInitializeOnLoadMethodAttributes (21ms)
			AfterProcessingInitializeOnLoad (16ms)
			EditorAssembliesLoaded (0ms)
		ExecutionOrderSort2 (0ms)
		AwakeInstancesAfterBackupRestoration (14ms)
Refreshing native plugins compatible for Editor in 5.39 ms, found 3 plugins.
Preloading 0 native plugins for Editor in 0.00 ms.
Unloading 3753 Unused Serialized files (Serialized files now loaded: 0)
Unloading 21 unused Assets / (30.1 KB). Loaded Objects now: 4291.
Memory consumption went from 148.2 MB to 148.2 MB.
Total: 4.525200 ms (FindLiveObjects: 0.386500 ms CreateObjectMapping: 0.100000 ms MarkObjects: 3.974000 ms  DeleteObjects: 0.063400 ms)

Prepare: number of updated asset objects reloaded= 0
AssetImportParameters requested are different than current active one (requested -> active):
  custom:container-demuxer-ogg: 62fdf1f143b41e24485cea50d1cbac27 -> 
  custom:video-decoder-ogg-theora: a1e56fd34408186e4bbccfd4996cb3dc -> 
  custom:framework-win-MediaFoundation: 216162199b28c13a410421893ffa2e32 -> 
  custom:CustomObjectIndexerAttribute: 756ad292c208cfabdd7b50bc23989ffe -> 
  custom:container-demuxer-webm: 4f35f7cbe854078d1ac9338744f61a02 -> 
  custom:container-muxer-webm: aa71ff27fc2769a1b78a27578f13a17b -> 
  custom:video-decoder-webm-vp8: 9c59270c3fd7afecdb556c50c9e8de78 -> 
  custom:SearchIndexIgnoredProperties: e643bd26f0fe6173181afceb89e7c659 -> 
  custom:AudioImporter_EditorPlatform: d09bf68614088b80899f8185d706f6e7 -> 
  custom:video-encoder-webm-vp8: eb34c28f22e8b96e1ab97ce403110664 -> 
  custom:audio-decoder-ogg-vorbis: bf7c407c2cedff20999df2af8eb42d56 -> 
  custom:audio-encoder-webm-vorbis: bf7c407c2cedff20999df2af8eb42d56 -> 
========================================================================
Received Import Request.
  Time since last request: 1961.015938 seconds.
  path: Assets/Stuff/VertexRageStudio/LowPolyNatureEssentials/Prefabs/Env/Grass/GrassLumps/GrassLumpLargeFTall 1.prefab
  artifactKey: Guid(80e69bc43086f8b4da7412f7549809b3) Importer(815301076,1909f56bfc062723c751e8b465ee728b)
Start importing Assets/Stuff/VertexRageStudio/LowPolyNatureEssentials/Prefabs/Env/Grass/GrassLumps/GrassLumpLargeFTall 1.prefab using Guid(80e69bc43086f8b4da7412f7549809b3) Importer(815301076,1909f56bfc062723c751e8b465ee728b)  -> (artifact id: 'c6805ac5171bc84b21715f6748e8cb80') in 0.173173 seconds
Number of updated asset objects reloaded before import = 0
Number of asset objects unloaded after import = 16
========================================================================
Received Import Request.
  Time since last request: 177.350537 seconds.
  path: Assets/Misc
  artifactKey: Guid(91aaf2847eba32b4dba83bb002e0cdc3) Importer(815301076,1909f56bfc062723c751e8b465ee728b)
Start importing Assets/Misc using Guid(91aaf2847eba32b4dba83bb002e0cdc3) Importer(815301076,1909f56bfc062723c751e8b465ee728b)  -> (artifact id: 'b6a915f13c4f5b32510d49f0d859eb0e') in 0.000832 seconds
Number of updated asset objects reloaded before import = 0
Number of asset objects unloaded after import = 0
========================================================================
Received Import Request.
  Time since last request: 0.073139 seconds.
  path: Assets/Misc/arrow.fbx
  artifactKey: Guid(18c1cd55a50995a408433366c9942582) Importer(815301076,1909f56bfc062723c751e8b465ee728b)
Start importing Assets/Misc/arrow.fbx using Guid(18c1cd55a50995a408433366c9942582) Importer(815301076,1909f56bfc062723c751e8b465ee728b)  -> (artifact id: '277ed8d72468494a9cf1ff48067d8a82') in 0.047136 seconds
Number of updated asset objects reloaded before import = 0
Number of asset objects unloaded after import = 7
========================================================================
Received Import Request.
  Time since last request: 2.250436 seconds.
  path: Assets/Resources/Unit.prefab
  artifactKey: Guid(08461e7a6de56654a9417f6b6405c470) Importer(815301076,1909f56bfc062723c751e8b465ee728b)
Start importing Assets/Resources/Unit.prefab using Guid(08461e7a6de56654a9417f6b6405c470) Importer(815301076,1909f56bfc062723c751e8b465ee728b)  -> (artifact id: '94b0e9b28503df2505135c1a093441b4') in 0.088500 seconds
Number of updated asset objects reloaded before import = 0
Number of asset objects unloaded after import = 121
========================================================================
Received Import Request.
  Time since last request: 1.721125 seconds.
  path: Assets/Resources/Material
  artifactKey: Guid(6884f720a2b0d6e4f882b3d69583473d) Importer(815301076,1909f56bfc062723c751e8b465ee728b)
Start importing Assets/Resources/Material using Guid(6884f720a2b0d6e4f882b3d69583473d) Importer(815301076,1909f56bfc062723c751e8b465ee728b)  -> (artifact id: '240fc1341a5a225b2d9a83b4c2c4a965') in 0.000660 seconds
Number of updated asset objects reloaded before import = 0
Number of asset objects unloaded after import = 0
========================================================================
Received Import Request.
  Time since last request: 0.087039 seconds.
  path: Assets/Resources/Material/Attack.mat
  artifactKey: Guid(25e67ae07f8ec9341ba64d19270a0d9a) Importer(815301076,1909f56bfc062723c751e8b465ee728b)
Start importing Assets/Resources/Material/Attack.mat using Guid(25e67ae07f8ec9341ba64d19270a0d9a) Importer(815301076,1909f56bfc062723c751e8b465ee728b)  -> (artifact id: '9b1f8e0931c7cc61ea6f34ab718f7b9b') in 0.041799 seconds
Number of updated asset objects reloaded before import = 0
Number of asset objects unloaded after import = 1
========================================================================
Received Import Request.
  Time since last request: 0.000025 seconds.
  path: Assets/Resources/Material/Idle.mat
  artifactKey: Guid(ce972b00a3635134781894f8b625144f) Importer(815301076,1909f56bfc062723c751e8b465ee728b)
Start importing Assets/Resources/Material/Idle.mat using Guid(ce972b00a3635134781894f8b625144f) Importer(815301076,1909f56bfc062723c751e8b465ee728b)  -> (artifact id: '52a30e872048c5cff656d0da502ef14d') in 0.017741 seconds
Number of updated asset objects reloaded before import = 0
Number of asset objects unloaded after import = 1
========================================================================
Received Import Request.
  Time since last request: 7.770511 seconds.
  path: Assets/Scenes
  artifactKey: Guid(456477a3860cb964c9f929ad3a313470) Importer(815301076,1909f56bfc062723c751e8b465ee728b)
Start importing Assets/Scenes using Guid(456477a3860cb964c9f929ad3a313470) Importer(815301076,1909f56bfc062723c751e8b465ee728b)  -> (artifact id: '61114ae0055a755458365cf122fd3545') in 0.000679 seconds
Number of updated asset objects reloaded before import = 0
Number of asset objects unloaded after import = 0
========================================================================
Received Import Request.
  Time since last request: 4.409535 seconds.
  path: Assets/Stuff
  artifactKey: Guid(4c6a758673b05eb408e38bfbc65b305a) Importer(815301076,1909f56bfc062723c751e8b465ee728b)
Start importing Assets/Stuff using Guid(4c6a758673b05eb408e38bfbc65b305a) Importer(815301076,1909f56bfc062723c751e8b465ee728b)  -> (artifact id: 'f426cab11c6ffbdea29450903f4cb4eb') in 0.000677 seconds
Number of updated asset objects reloaded before import = 0
Number of asset objects unloaded after import = 0
========================================================================
Received Import Request.
  Time since last request: 2324.221425 seconds.
  path: Assets/Stuff/GameAestheticVillageHouses
  artifactKey: Guid(a16bd907a6f75e646986ff5d076a174d) Importer(815301076,1909f56bfc062723c751e8b465ee728b)
Start importing Assets/Stuff/GameAestheticVillageHouses using Guid(a16bd907a6f75e646986ff5d076a174d) Importer(815301076,1909f56bfc062723c751e8b465ee728b)  -> (artifact id: '916fc4cf09282f2002850df8f8222abc') in 0.001024 seconds
Number of updated asset objects reloaded before import = 0
Number of asset objects unloaded after import = 0
========================================================================
Received Import Request.
  Time since last request: 0.058083 seconds.
  path: Assets/Stuff/GameAestheticVillageHouses/House 1.fbx
  artifactKey: Guid(2ac3ee5ca9cbd604a83a070dc44435ab) Importer(815301076,1909f56bfc062723c751e8b465ee728b)
Start importing Assets/Stuff/GameAestheticVillageHouses/House 1.fbx using Guid(2ac3ee5ca9cbd604a83a070dc44435ab) Importer(815301076,1909f56bfc062723c751e8b465ee728b)  -> (artifact id: '0532362c9924448b99c53ed4b6874022') in 0.068107 seconds
Number of updated asset objects reloaded before import = 0
Number of asset objects unloaded after import = 8
========================================================================
Received Import Request.
  Time since last request: 0.000037 seconds.
  path: Assets/Stuff/GameAestheticVillageHouses/House 7.fbx
  artifactKey: Guid(7c2282406659ba34aae5ea216afe29a0) Importer(815301076,1909f56bfc062723c751e8b465ee728b)
Start importing Assets/Stuff/GameAestheticVillageHouses/House 7.fbx using Guid(7c2282406659ba34aae5ea216afe29a0) Importer(815301076,1909f56bfc062723c751e8b465ee728b)  -> (artifact id: '5af7861fa8cf4cbbb84f52092b741804') in 0.042524 seconds
Number of updated asset objects reloaded before import = 0
Number of asset objects unloaded after import = 8
========================================================================
Received Import Request.
  Time since last request: 0.000036 seconds.
  path: Assets/Stuff/GameAestheticVillageHouses/House 4.fbx
  artifactKey: Guid(004474f9403915543a2e1d5ee71ff92e) Importer(815301076,1909f56bfc062723c751e8b465ee728b)
Start importing Assets/Stuff/GameAestheticVillageHouses/House 4.fbx using Guid(004474f9403915543a2e1d5ee71ff92e) Importer(815301076,1909f56bfc062723c751e8b465ee728b)  -> (artifact id: 'dcb32f08c44dedaddb1bb93026ee2305') in 0.030494 seconds
Number of updated asset objects reloaded before import = 0
Number of asset objects unloaded after import = 8
========================================================================
Received Import Request.
  Time since last request: 0.000026 seconds.
  path: Assets/Stuff/GameAestheticVillageHouses/House 9.fbx
  artifactKey: Guid(e9c4a77e10dddaa47b1719ffafc3dc99) Importer(815301076,1909f56bfc062723c751e8b465ee728b)
Start importing Assets/Stuff/GameAestheticVillageHouses/House 9.fbx using Guid(e9c4a77e10dddaa47b1719ffafc3dc99) Importer(815301076,1909f56bfc062723c751e8b465ee728b)  -> (artifact id: '8b838224c98f145a6b3b54b55e65a79e') in 0.041969 seconds
Number of updated asset objects reloaded before import = 0
Number of asset objects unloaded after import = 8
========================================================================
Received Import Request.
  Time since last request: 0.000027 seconds.
  path: Assets/Stuff/GameAestheticVillageHouses/House 13.fbx
  artifactKey: Guid(0c5af740a5a5c534496a8fcbeba23011) Importer(815301076,1909f56bfc062723c751e8b465ee728b)
Start importing Assets/Stuff/GameAestheticVillageHouses/House 13.fbx using Guid(0c5af740a5a5c534496a8fcbeba23011) Importer(815301076,1909f56bfc062723c751e8b465ee728b)  -> (artifact id: '8f496f30acd12927adbc6abd5d09360a') in 0.038624 seconds
Number of updated asset objects reloaded before import = 0
Number of asset objects unloaded after import = 8
========================================================================
Received Import Request.
  Time since last request: 0.000031 seconds.
  path: Assets/Stuff/GameAestheticVillageHouses/House 15.fbx
  artifactKey: Guid(bf78ac55e6a1c4b4e884d7750b138c71) Importer(815301076,1909f56bfc062723c751e8b465ee728b)
Start importing Assets/Stuff/GameAestheticVillageHouses/House 15.fbx using Guid(bf78ac55e6a1c4b4e884d7750b138c71) Importer(815301076,1909f56bfc062723c751e8b465ee728b)  -> (artifact id: 'b33c763acc728ed952a9f307b95b0e63') in 0.031609 seconds
Number of updated asset objects reloaded before import = 0
Number of asset objects unloaded after import = 8
========================================================================
Received Import Request.
  Time since last request: 0.000023 seconds.
  path: Assets/Stuff/GameAestheticVillageHouses/House 3.fbx
  artifactKey: Guid(2b54120b62ddcd54ca5b5a2996f27c61) Importer(815301076,1909f56bfc062723c751e8b465ee728b)
Start importing Assets/Stuff/GameAestheticVillageHouses/House 3.fbx using Guid(2b54120b62ddcd54ca5b5a2996f27c61) Importer(815301076,1909f56bfc062723c751e8b465ee728b)  -> (artifact id: '0b189b53d76b00df4450b99f30b6c0e9') in 0.030331 seconds
Number of updated asset objects reloaded before import = 0
Number of asset objects unloaded after import = 8
========================================================================
Received Import Request.
  Time since last request: 0.000028 seconds.
  path: Assets/Stuff/GameAestheticVillageHouses/House 16.fbx
  artifactKey: Guid(affb8d76f086ea447b918f1b6259ad09) Importer(815301076,1909f56bfc062723c751e8b465ee728b)
Start importing Assets/Stuff/GameAestheticVillageHouses/House 16.fbx using Guid(affb8d76f086ea447b918f1b6259ad09) Importer(815301076,1909f56bfc062723c751e8b465ee728b)  -> (artifact id: '34c62921a928fb4e2fd8ce40d1159b60') in 0.034279 seconds
Number of updated asset objects reloaded before import = 0
Number of asset objects unloaded after import = 8
========================================================================
Received Import Request.
  Time since last request: 0.000031 seconds.
  path: Assets/Stuff/GameAestheticVillageHouses/House 12.fbx
  artifactKey: Guid(2a9bfb00ea012cb44a3ca9d8b8f19c72) Importer(815301076,1909f56bfc062723c751e8b465ee728b)
Start importing Assets/Stuff/GameAestheticVillageHouses/House 12.fbx using Guid(2a9bfb00ea012cb44a3ca9d8b8f19c72) Importer(815301076,1909f56bfc062723c751e8b465ee728b)  -> (artifact id: 'a3e342500032d22b33e02c0a15acdcce') in 0.033723 seconds
Number of updated asset objects reloaded before import = 0
Number of asset objects unloaded after import = 8
========================================================================
Received Import Request.
  Time since last request: 0.000032 seconds.
  path: Assets/Stuff/GameAestheticVillageHouses/House 5.fbx
  artifactKey: Guid(9cdd74353461be04890bee6bca62e95d) Importer(815301076,1909f56bfc062723c751e8b465ee728b)
Start importing Assets/Stuff/GameAestheticVillageHouses/House 5.fbx using Guid(9cdd74353461be04890bee6bca62e95d) Importer(815301076,1909f56bfc062723c751e8b465ee728b)  -> (artifact id: '9e65163cc452c46a95edec756c146d6e') in 0.031739 seconds
Number of updated asset objects reloaded before import = 0
Number of asset objects unloaded after import = 8
========================================================================
Received Import Request.
  Time since last request: 0.000022 seconds.
  path: Assets/Stuff/GameAestheticVillageHouses/House 14.fbx
  artifactKey: Guid(714ecb57d30ab6b4b9124ce658e10090) Importer(815301076,1909f56bfc062723c751e8b465ee728b)
Start importing Assets/Stuff/GameAestheticVillageHouses/House 14.fbx using Guid(714ecb57d30ab6b4b9124ce658e10090) Importer(815301076,1909f56bfc062723c751e8b465ee728b)  -> (artifact id: '788154c16f19132b3fe358cab470a787') in 0.036037 seconds
Number of updated asset objects reloaded before import = 0
Number of asset objects unloaded after import = 8
========================================================================
Received Import Request.
  Time since last request: 0.000027 seconds.
  path: Assets/Stuff/GameAestheticVillageHouses/House 11.fbx
  artifactKey: Guid(a78ea4344f958c349af76eff30aafab1) Importer(815301076,1909f56bfc062723c751e8b465ee728b)
Start importing Assets/Stuff/GameAestheticVillageHouses/House 11.fbx using Guid(a78ea4344f958c349af76eff30aafab1) Importer(815301076,1909f56bfc062723c751e8b465ee728b)  -> (artifact id: '25f6de3f0f58d4ae3c5086b0620d3b79') in 0.032417 seconds
Number of updated asset objects reloaded before import = 0
Number of asset objects unloaded after import = 8
========================================================================
Received Import Request.
  Time since last request: 26.166770 seconds.
  path: Assets/Stuff/GameAestheticVillageHouses/uploads_files_3620900_textures/textures/color_256x256.jpg
  artifactKey: Guid(8a0e9353865bb9d4fb85eb0cdd851c8c) Importer(815301076,1909f56bfc062723c751e8b465ee728b)
Start importing Assets/Stuff/GameAestheticVillageHouses/uploads_files_3620900_textures/textures/color_256x256.jpg using Guid(8a0e9353865bb9d4fb85eb0cdd851c8c) Importer(815301076,1909f56bfc062723c751e8b465ee728b)  -> (artifact id: '95f125e3676efdb3a8433aa4f14bcf5f') in 0.040997 seconds
Number of updated asset objects reloaded before import = 0
Number of asset objects unloaded after import = 2
========================================================================
Received Import Request.
  Time since last request: 0.000031 seconds.
  path: Assets/Stuff/GameAestheticVillageHouses/uploads_files_3620900_textures/textures/color_2048x2048.jpg
  artifactKey: Guid(d2f1e4eb46e429143939c57a360be37b) Importer(815301076,1909f56bfc062723c751e8b465ee728b)
Start importing Assets/Stuff/GameAestheticVillageHouses/uploads_files_3620900_textures/textures/color_2048x2048.jpg using Guid(d2f1e4eb46e429143939c57a360be37b) Importer(815301076,1909f56bfc062723c751e8b465ee728b)  -> (artifact id: 'ffb7946c9753a83caff6f82d7286f85d') in 0.044418 seconds
Number of updated asset objects reloaded before import = 0
Number of asset objects unloaded after import = 2
========================================================================
Received Import Request.
  Time since last request: 227.754542 seconds.
  path: Assets/Stuff/GameAestheticVillageHouses/Houses.blend1
  artifactKey: Guid(68615800d1b18684f82c60426d89edc4) Importer(815301076,1909f56bfc062723c751e8b465ee728b)
Start importing Assets/Stuff/GameAestheticVillageHouses/Houses.blend1 using Guid(68615800d1b18684f82c60426d89edc4) Importer(815301076,1909f56bfc062723c751e8b465ee728b)  -> (artifact id: '334fb6495c4bd7e37128087070980e4e') in 0.001371 seconds
Number of updated asset objects reloaded before import = 0
Number of asset objects unloaded after import = 1
========================================================================
Received Import Request.
  Time since last request: 278.942293 seconds.
  path: Assets/Stuff/GameAestheticVillageHouses/House 1.fbx
  artifactKey: Guid(2ac3ee5ca9cbd604a83a070dc44435ab) Importer(815301076,1909f56bfc062723c751e8b465ee728b)
Start importing Assets/Stuff/GameAestheticVillageHouses/House 1.fbx using Guid(2ac3ee5ca9cbd604a83a070dc44435ab) Importer(815301076,1909f56bfc062723c751e8b465ee728b)  -> (artifact id: 'e8d48047fbf8e08998ea148106300e78') in 0.040773 seconds
Number of updated asset objects reloaded before import = 0
Number of asset objects unloaded after import = 9
========================================================================
Received Import Request.
  Time since last request: 0.000027 seconds.
  path: Assets/Stuff/GameAestheticVillageHouses/House 7.fbx
  artifactKey: Guid(7c2282406659ba34aae5ea216afe29a0) Importer(815301076,1909f56bfc062723c751e8b465ee728b)
Start importing Assets/Stuff/GameAestheticVillageHouses/House 7.fbx using Guid(7c2282406659ba34aae5ea216afe29a0) Importer(815301076,1909f56bfc062723c751e8b465ee728b)  -> (artifact id: '89dee06d4b50f53ace9a612634c5bcc8') in 0.039693 seconds
Number of updated asset objects reloaded before import = 0
Number of asset objects unloaded after import = 9
========================================================================
Received Import Request.
  Time since last request: 0.000043 seconds.
  path: Assets/Stuff/GameAestheticVillageHouses/House 6.fbx
  artifactKey: Guid(b81dab156d43e62438764ce92ecad41a) Importer(815301076,1909f56bfc062723c751e8b465ee728b)
Start importing Assets/Stuff/GameAestheticVillageHouses/House 6.fbx using Guid(b81dab156d43e62438764ce92ecad41a) Importer(815301076,1909f56bfc062723c751e8b465ee728b)  -> (artifact id: '2af3a6e005c0f1ca47df53f4c4f5d3ce') in 0.042837 seconds
Number of updated asset objects reloaded before import = 0
Number of asset objects unloaded after import = 9
========================================================================
Received Import Request.
  Time since last request: 0.000024 seconds.
  path: Assets/Stuff/GameAestheticVillageHouses/House 4.fbx
  artifactKey: Guid(004474f9403915543a2e1d5ee71ff92e) Importer(815301076,1909f56bfc062723c751e8b465ee728b)
Start importing Assets/Stuff/GameAestheticVillageHouses/House 4.fbx using Guid(004474f9403915543a2e1d5ee71ff92e) Importer(815301076,1909f56bfc062723c751e8b465ee728b)  -> (artifact id: '7100d933ef7df0563a6e1d8639b3aa35') in 0.040400 seconds
Number of updated asset objects reloaded before import = 0
Number of asset objects unloaded after import = 9
========================================================================
Received Import Request.
  Time since last request: 0.000027 seconds.
  path: Assets/Stuff/GameAestheticVillageHouses/House 9.fbx
  artifactKey: Guid(e9c4a77e10dddaa47b1719ffafc3dc99) Importer(815301076,1909f56bfc062723c751e8b465ee728b)
Start importing Assets/Stuff/GameAestheticVillageHouses/House 9.fbx using Guid(e9c4a77e10dddaa47b1719ffafc3dc99) Importer(815301076,1909f56bfc062723c751e8b465ee728b)  -> (artifact id: 'd417f80d1d106e7d72dbdcbdcbcbc5c5') in 0.037709 seconds
Number of updated asset objects reloaded before import = 0
Number of asset objects unloaded after import = 9
========================================================================
Received Import Request.
  Time since last request: 0.000023 seconds.
  path: Assets/Stuff/GameAestheticVillageHouses/House 15.fbx
  artifactKey: Guid(bf78ac55e6a1c4b4e884d7750b138c71) Importer(815301076,1909f56bfc062723c751e8b465ee728b)
Start importing Assets/Stuff/GameAestheticVillageHouses/House 15.fbx using Guid(bf78ac55e6a1c4b4e884d7750b138c71) Importer(815301076,1909f56bfc062723c751e8b465ee728b)  -> (artifact id: '77860252cfc47ee088b90d0797d0da15') in 0.032710 seconds
Number of updated asset objects reloaded before import = 0
Number of asset objects unloaded after import = 9
========================================================================
Received Import Request.
  Time since last request: 0.000023 seconds.
  path: Assets/Stuff/GameAestheticVillageHouses/House 16.fbx
  artifactKey: Guid(affb8d76f086ea447b918f1b6259ad09) Importer(815301076,1909f56bfc062723c751e8b465ee728b)
Start importing Assets/Stuff/GameAestheticVillageHouses/House 16.fbx using Guid(affb8d76f086ea447b918f1b6259ad09) Importer(815301076,1909f56bfc062723c751e8b465ee728b)  -> (artifact id: '7913ffece539f7bb10b333dc45075bf3') in 0.035350 seconds
Number of updated asset objects reloaded before import = 0
Number of asset objects unloaded after import = 9
========================================================================
Received Import Request.
  Time since last request: 0.000028 seconds.
  path: Assets/Stuff/GameAestheticVillageHouses/House 5.fbx
  artifactKey: Guid(9cdd74353461be04890bee6bca62e95d) Importer(815301076,1909f56bfc062723c751e8b465ee728b)
Start importing Assets/Stuff/GameAestheticVillageHouses/House 5.fbx using Guid(9cdd74353461be04890bee6bca62e95d) Importer(815301076,1909f56bfc062723c751e8b465ee728b)  -> (artifact id: 'ef8c9fd0c750bd48a4812dcbba06ba3e') in 0.035119 seconds
Number of updated asset objects reloaded before import = 0
Number of asset objects unloaded after import = 9
========================================================================
Received Import Request.
  Time since last request: 0.000030 seconds.
  path: Assets/Stuff/GameAestheticVillageHouses/House 8.fbx
  artifactKey: Guid(2f0d2cdbb85857b4b8a32eb0bc32cc73) Importer(815301076,1909f56bfc062723c751e8b465ee728b)
Start importing Assets/Stuff/GameAestheticVillageHouses/House 8.fbx using Guid(2f0d2cdbb85857b4b8a32eb0bc32cc73) Importer(815301076,1909f56bfc062723c751e8b465ee728b)  -> (artifact id: '5955fe4541e0a48cb236245d30592877') in 0.033021 seconds
Number of updated asset objects reloaded before import = 0
Number of asset objects unloaded after import = 9
========================================================================
Received Import Request.
  Time since last request: 0.000028 seconds.
  path: Assets/Stuff/GameAestheticVillageHouses/House 10.fbx
  artifactKey: Guid(c8d2112d8f33c4e4bbdf0a26783daafb) Importer(815301076,1909f56bfc062723c751e8b465ee728b)
Start importing Assets/Stuff/GameAestheticVillageHouses/House 10.fbx using Guid(c8d2112d8f33c4e4bbdf0a26783daafb) Importer(815301076,1909f56bfc062723c751e8b465ee728b)  -> (artifact id: 'aacbb4c5f233ca26acf78f917d471279') in 0.030780 seconds
Number of updated asset objects reloaded before import = 0
Number of asset objects unloaded after import = 9
Editor requested this worker to shutdown with reason: Scaling down because of idle timeout
TcpMessagingSession - receive error: operation aborted. errorcode: 995, details: The I/O operation has been aborted because of either a thread exit or an application request.
AssetImportWorker is now disconnected from the server
Process exiting
Exiting without the bug reporter. Application will terminate with return code 0