Using pre-set license
Built from '2022.3/staging' branch; Version is '2022.3.8f1 (b5eafc012955) revision 11922172'; Using compiler version '192829333'; Build Type 'Release'
OS: 'Windows 10  (10.0.19044) 64bit Core' Language: 'en' Physical Memory: 16314 MB
BatchMode: 1, IsHumanControllingUs: 0, StartBugReporterOnCrash: 0, Is64bit: 1, IsPro: 1

COMMAND LINE ARGUMENTS:
C:\Program Files\Unity\Hub\Editor\2022.3.8f1\Editor\Unity.exe
-adb2
-batchMode
-noUpm
-name
AssetImportWorker7
-projectPath
C:/Users/liamw/OneDrive/Documents/GitHub/GameAesthetic/game aesthetic
-logFile
Logs/AssetImportWorker7.log
-srvPort
58875
Successfully changed project path to: C:/Users/liamw/OneDrive/Documents/GitHub/GameAesthetic/game aesthetic
C:/Users/liamw/OneDrive/Documents/GitHub/GameAesthetic/game aesthetic
[UnityMemory] Configuration Parameters - Can be set up in boot.config
    "memorysetup-bucket-allocator-granularity=16"
    "memorysetup-bucket-allocator-bucket-count=8"
    "memorysetup-bucket-allocator-block-size=33554432"
    "memorysetup-bucket-allocator-block-count=8"
    "memorysetup-main-allocator-block-size=16777216"
    "memorysetup-thread-allocator-block-size=16777216"
    "memorysetup-gfx-main-allocator-block-size=16777216"
    "memorysetup-gfx-thread-allocator-block-size=16777216"
    "memorysetup-cache-allocator-block-size=4194304"
    "memorysetup-typetree-allocator-block-size=2097152"
    "memorysetup-profiler-bucket-allocator-granularity=16"
    "memorysetup-profiler-bucket-allocator-bucket-count=8"
    "memorysetup-profiler-bucket-allocator-block-size=33554432"
    "memorysetup-profiler-bucket-allocator-block-count=8"
    "memorysetup-profiler-allocator-block-size=16777216"
    "memorysetup-profiler-editor-allocator-block-size=1048576"
    "memorysetup-temp-allocator-size-main=16777216"
    "memorysetup-job-temp-allocator-block-size=2097152"
    "memorysetup-job-temp-allocator-block-size-background=1048576"
    "memorysetup-job-temp-allocator-reduction-small-platforms=262144"
    "memorysetup-allocator-temp-initial-block-size-main=262144"
    "memorysetup-allocator-temp-initial-block-size-worker=262144"
    "memorysetup-temp-allocator-size-background-worker=32768"
    "memorysetup-temp-allocator-size-job-worker=262144"
    "memorysetup-temp-allocator-size-preload-manager=33554432"
    "memorysetup-temp-allocator-size-nav-mesh-worker=65536"
    "memorysetup-temp-allocator-size-audio-worker=65536"
    "memorysetup-temp-allocator-size-cloud-worker=32768"
    "memorysetup-temp-allocator-size-gi-baking-worker=262144"
    "memorysetup-temp-allocator-size-gfx=262144"
Player connection [13540] Host "[IP] 192.168.0.104 [Port] 0 [Flags] 2 [Guid] 4182067833 [EditorId] 4182067833 [Version] 1048832 [Id] WindowsEditor(7,GameCrafter-LW) [Debug] 1 [PackageName] WindowsEditor [ProjectName] Editor" joined multi-casting on [225.0.0.222:54997]...

Player connection [13540] Host "[IP] 192.168.0.104 [Port] 0 [Flags] 2 [Guid] 4182067833 [EditorId] 4182067833 [Version] 1048832 [Id] WindowsEditor(7,GameCrafter-LW) [Debug] 1 [PackageName] WindowsEditor [ProjectName] Editor" joined alternative multi-casting on [225.0.0.222:34997]...

[Physics::Module] Initialized MultithreadedJobDispatcher with 15 workers.
Refreshing native plugins compatible for Editor in 14.85 ms, found 3 plugins.
Preloading 0 native plugins for Editor in 0.00 ms.
Initialize engine version: 2022.3.8f1 (b5eafc012955)
[Subsystems] Discovering subsystems at path C:/Program Files/Unity/Hub/Editor/2022.3.8f1/Editor/Data/Resources/UnitySubsystems
[Subsystems] Discovering subsystems at path C:/Users/liamw/OneDrive/Documents/GitHub/GameAesthetic/game aesthetic/Assets
GfxDevice: creating device client; threaded=0; jobified=0
Direct3D:
    Version:  Direct3D 11.0 [level 11.1]
    Renderer: NVIDIA GeForce RTX 2060 SUPER (ID=0x1f06)
    Vendor:   NVIDIA
    VRAM:     8006 MB
    Driver:   32.0.15.8115
Initialize mono
Mono path[0] = 'C:/Program Files/Unity/Hub/Editor/2022.3.8f1/Editor/Data/Managed'
Mono path[1] = 'C:/Program Files/Unity/Hub/Editor/2022.3.8f1/Editor/Data/MonoBleedingEdge/lib/mono/unityjit-win32'
Mono config path = 'C:/Program Files/Unity/Hub/Editor/2022.3.8f1/Editor/Data/MonoBleedingEdge/etc'
Using monoOptions --debugger-agent=transport=dt_socket,embedding=1,server=y,suspend=n,address=127.0.0.1:56276
Begin MonoManager ReloadAssembly
Registering precompiled unity dll's ...
Register platform support module: C:/Program Files/Unity/Hub/Editor/2022.3.8f1/Editor/Data/PlaybackEngines/WindowsStandaloneSupport/UnityEditor.WindowsStandalone.Extensions.dll
Registered in 0.015245 seconds.
- Loaded All Assemblies, in  0.439 seconds
Native extension for WindowsStandalone target not found
Mono: successfully reloaded assembly
- Finished resetting the current domain, in  0.294 seconds
Domain Reload Profiling: 729ms
	BeginReloadAssembly (132ms)
		ExecutionOrderSort (0ms)
		DisableScriptedObjects (0ms)
		BackupInstance (0ms)
		ReleaseScriptingObjects (0ms)
		CreateAndSetChildDomain (1ms)
	RebuildCommonClasses (45ms)
	RebuildNativeTypeToScriptingClass (12ms)
	initialDomainReloadingComplete (82ms)
	LoadAllAssembliesAndSetupDomain (164ms)
		LoadAssemblies (128ms)
		RebuildTransferFunctionScriptingTraits (0ms)
		AnalyzeDomain (162ms)
			TypeCache.Refresh (160ms)
				TypeCache.ScanAssembly (146ms)
			ScanForSourceGeneratedMonoScriptInfo (0ms)
			ResolveRequiredComponents (1ms)
	FinalizeReload (294ms)
		ReleaseScriptCaches (0ms)
		RebuildScriptCaches (0ms)
		SetupLoadedEditorAssemblies (227ms)
			LogAssemblyErrors (0ms)
			InitializePlatformSupportModulesInManaged (12ms)
			SetLoadedEditorAssemblies (8ms)
			RefreshPlugins (0ms)
			BeforeProcessingInitializeOnLoad (2ms)
			ProcessInitializeOnLoadAttributes (141ms)
			ProcessInitializeOnLoadMethodAttributes (64ms)
			AfterProcessingInitializeOnLoad (0ms)
			EditorAssembliesLoaded (0ms)
		ExecutionOrderSort2 (0ms)
		AwakeInstancesAfterBackupRestoration (0ms)
========================================================================
Worker process is ready to serve import requests
Begin MonoManager ReloadAssembly
- Loaded All Assemblies, in  0.771 seconds
Refreshing native plugins compatible for Editor in 5.53 ms, found 3 plugins.
Native extension for WindowsStandalone target not found
Mono: successfully reloaded assembly
- Finished resetting the current domain, in  0.932 seconds
Domain Reload Profiling: 1698ms
	BeginReloadAssembly (175ms)
		ExecutionOrderSort (0ms)
		DisableScriptedObjects (7ms)
		BackupInstance (0ms)
		ReleaseScriptingObjects (0ms)
		CreateAndSetChildDomain (23ms)
	RebuildCommonClasses (39ms)
	RebuildNativeTypeToScriptingClass (12ms)
	initialDomainReloadingComplete (55ms)
	LoadAllAssembliesAndSetupDomain (485ms)
		LoadAssemblies (381ms)
		RebuildTransferFunctionScriptingTraits (0ms)
		AnalyzeDomain (209ms)
			TypeCache.Refresh (183ms)
				TypeCache.ScanAssembly (169ms)
			ScanForSourceGeneratedMonoScriptInfo (20ms)
			ResolveRequiredComponents (5ms)
	FinalizeReload (933ms)
		ReleaseScriptCaches (0ms)
		RebuildScriptCaches (0ms)
		SetupLoadedEditorAssemblies (760ms)
			LogAssemblyErrors (0ms)
			InitializePlatformSupportModulesInManaged (9ms)
			SetLoadedEditorAssemblies (5ms)
			RefreshPlugins (0ms)
			BeforeProcessingInitializeOnLoad (86ms)
			ProcessInitializeOnLoadAttributes (625ms)
			ProcessInitializeOnLoadMethodAttributes (20ms)
			AfterProcessingInitializeOnLoad (14ms)
			EditorAssembliesLoaded (0ms)
		ExecutionOrderSort2 (0ms)
		AwakeInstancesAfterBackupRestoration (11ms)
Launched and connected shader compiler UnityShaderCompiler.exe after 0.15 seconds
Refreshing native plugins compatible for Editor in 5.80 ms, found 3 plugins.
Preloading 0 native plugins for Editor in 0.00 ms.
Unloading 3790 Unused Serialized files (Serialized files now loaded: 0)
Unloading 37 unused Assets / (57.8 KB). Loaded Objects now: 4281.
Memory consumption went from 151.5 MB to 151.4 MB.
Total: 5.077500 ms (FindLiveObjects: 0.407100 ms CreateObjectMapping: 0.109000 ms MarkObjects: 4.421300 ms  DeleteObjects: 0.138700 ms)

AssetImportParameters requested are different than current active one (requested -> active):
  custom:container-demuxer-ogg: 62fdf1f143b41e24485cea50d1cbac27 -> 
  custom:scripting/monoscript/fileName/button.cs: c000ade5b3c46d05cea7380b75b556f5 -> 
  custom:video-decoder-ogg-theora: a1e56fd34408186e4bbccfd4996cb3dc -> 
  custom:framework-win-MediaFoundation: 216162199b28c13a410421893ffa2e32 -> 
  custom:CustomObjectIndexerAttribute: 756ad292c208cfabdd7b50bc23989ffe -> 
  custom:container-demuxer-webm: 4f35f7cbe854078d1ac9338744f61a02 -> 
  custom:container-muxer-webm: aa71ff27fc2769a1b78a27578f13a17b -> 
  custom:video-decoder-webm-vp8: 9c59270c3fd7afecdb556c50c9e8de78 -> 
  custom:SearchIndexIgnoredProperties: e643bd26f0fe6173181afceb89e7c659 -> 
  custom:AudioImporter_EditorPlatform: d09bf68614088b80899f8185d706f6e7 -> 
  custom:video-encoder-webm-vp8: eb34c28f22e8b96e1ab97ce403110664 -> 
  custom:audio-decoder-ogg-vorbis: bf7c407c2cedff20999df2af8eb42d56 -> 
  custom:scripting/monoscript/fileName/BuySystem.cs: f72b59f179b11b3943d46e8bd1f64f72 -> f5af2869d293c8ae9fbbc6acb87c8105
  custom:audio-encoder-webm-vorbis: bf7c407c2cedff20999df2af8eb42d56 -> 
  custom:scripting/monoscript/fileName/ConstructionSlot.cs: f8b8ac37ca3e339f19c7d3f7df9e75c0 -> 48eeba72f7daccac8d70103b679d0378
========================================================================
Received Import Request.
  Time since last request: 190533.677490 seconds.
  path: Assets/Stuff/Houses/GameAestheticVillageHouses/House Prefabs/House 1.prefab
  artifactKey: Guid(b2e3052e28775a74e9816c171636c59d) Importer(815301076,1909f56bfc062723c751e8b465ee728b)
Start importing Assets/Stuff/Houses/GameAestheticVillageHouses/House Prefabs/House 1.prefab using Guid(b2e3052e28775a74e9816c171636c59d) Importer(815301076,1909f56bfc062723c751e8b465ee728b)  -> (artifact id: '7963e0c8ecefd306dcbc022b12bbf2ac') in 0.213611 seconds
Number of updated asset objects reloaded before import = 0
Number of asset objects unloaded after import = 16
========================================================================
Received Import Request.
  Time since last request: 0.000050 seconds.
  path: Assets/Stuff/Houses/GameAestheticVillageHouses/House Prefabs/House 16.prefab
  artifactKey: Guid(203d11781c5c839468aaee06a1a2e182) Importer(815301076,1909f56bfc062723c751e8b465ee728b)
Start importing Assets/Stuff/Houses/GameAestheticVillageHouses/House Prefabs/House 16.prefab using Guid(203d11781c5c839468aaee06a1a2e182) Importer(815301076,1909f56bfc062723c751e8b465ee728b)  -> (artifact id: '66344b02b58ab5d14856a39ca6a04748') in 0.040258 seconds
Number of updated asset objects reloaded before import = 0
Number of asset objects unloaded after import = 16
========================================================================
Received Import Request.
  Time since last request: 0.000080 seconds.
  path: Assets/Stuff/Houses/GameAestheticVillageHouses/House Prefabs/House 3.prefab
  artifactKey: Guid(3be77ef63a9fc134090c3cdc00c85790) Importer(815301076,1909f56bfc062723c751e8b465ee728b)
Start importing Assets/Stuff/Houses/GameAestheticVillageHouses/House Prefabs/House 3.prefab using Guid(3be77ef63a9fc134090c3cdc00c85790) Importer(815301076,1909f56bfc062723c751e8b465ee728b)  -> (artifact id: '2259044d8cb02dc641defa0332e8dd6f') in 0.025817 seconds
Number of updated asset objects reloaded before import = 0
Number of asset objects unloaded after import = 16
========================================================================
Received Import Request.
  Time since last request: 0.000027 seconds.
  path: Assets/Stuff/Houses/GameAestheticVillageHouses/House Prefabs/House 7.prefab
  artifactKey: Guid(976cb441124956f47987c7aa19481382) Importer(815301076,1909f56bfc062723c751e8b465ee728b)
Start importing Assets/Stuff/Houses/GameAestheticVillageHouses/House Prefabs/House 7.prefab using Guid(976cb441124956f47987c7aa19481382) Importer(815301076,1909f56bfc062723c751e8b465ee728b)  -> (artifact id: '9af1845c646d15066986ba93967c3f6a') in 0.024659 seconds
Number of updated asset objects reloaded before import = 0
Number of asset objects unloaded after import = 16
========================================================================
Received Import Request.
  Time since last request: 0.000038 seconds.
  path: Assets/Stuff/Houses/GameAestheticVillageHouses/House Prefabs/House 6.prefab
  artifactKey: Guid(12b2b76c5d8b5494cb8b56183e4bcba5) Importer(815301076,1909f56bfc062723c751e8b465ee728b)
Start importing Assets/Stuff/Houses/GameAestheticVillageHouses/House Prefabs/House 6.prefab using Guid(12b2b76c5d8b5494cb8b56183e4bcba5) Importer(815301076,1909f56bfc062723c751e8b465ee728b)  -> (artifact id: '328b85dacbcad3c9cd01db7e652b4c87') in 0.031812 seconds
Number of updated asset objects reloaded before import = 0
Number of asset objects unloaded after import = 16
========================================================================
Received Import Request.
  Time since last request: 0.000034 seconds.
  path: Assets/Stuff/Houses/GameAestheticVillageHouses/House Prefabs/House 12.prefab
  artifactKey: Guid(2efc506537977484f837fd5a1746c21c) Importer(815301076,1909f56bfc062723c751e8b465ee728b)
Start importing Assets/Stuff/Houses/GameAestheticVillageHouses/House Prefabs/House 12.prefab using Guid(2efc506537977484f837fd5a1746c21c) Importer(815301076,1909f56bfc062723c751e8b465ee728b)  -> (artifact id: 'fea5723a290bdaa8cf4910e93c636f8e') in 0.031841 seconds
Number of updated asset objects reloaded before import = 0
Number of asset objects unloaded after import = 16
========================================================================
Received Import Request.
  Time since last request: 0.000035 seconds.
  path: Assets/Stuff/Houses/GameAestheticVillageHouses/House Prefabs/House 5.prefab
  artifactKey: Guid(2dfe3a3fb0a476843bb1d137a9e927ac) Importer(815301076,1909f56bfc062723c751e8b465ee728b)
Start importing Assets/Stuff/Houses/GameAestheticVillageHouses/House Prefabs/House 5.prefab using Guid(2dfe3a3fb0a476843bb1d137a9e927ac) Importer(815301076,1909f56bfc062723c751e8b465ee728b)  -> (artifact id: '8a7c955d1a49fc9868f1fe2c486cdc42') in 0.029847 seconds
Number of updated asset objects reloaded before import = 0
Number of asset objects unloaded after import = 16
========================================================================
Received Import Request.
  Time since last request: 30.902810 seconds.
  path: Assets/Stuff/Houses/House 3.prefab
  artifactKey: Guid(d49c26ae4bb110b4b89e35fe32e4df5f) Importer(815301076,1909f56bfc062723c751e8b465ee728b)
Start importing Assets/Stuff/Houses/House 3.prefab using Guid(d49c26ae4bb110b4b89e35fe32e4df5f) Importer(815301076,1909f56bfc062723c751e8b465ee728b)  -> (artifact id: '8877a7505fec62cfee307d780fa804bd') in 0.015526 seconds
Number of updated asset objects reloaded before import = 0
Number of asset objects unloaded after import = 14
========================================================================
Received Import Request.
  Time since last request: 0.000034 seconds.
  path: Assets/Stuff/Houses/House 15.prefab
  artifactKey: Guid(b11bbdc5e9fe2d7429478a4592e44a2d) Importer(815301076,1909f56bfc062723c751e8b465ee728b)
Start importing Assets/Stuff/Houses/House 15.prefab using Guid(b11bbdc5e9fe2d7429478a4592e44a2d) Importer(815301076,1909f56bfc062723c751e8b465ee728b)  -> (artifact id: 'f40607f2d9c02fc1aab3fc4039e8940d') in 0.012597 seconds
Number of updated asset objects reloaded before import = 0
Number of asset objects unloaded after import = 14
========================================================================
Received Import Request.
  Time since last request: 0.000019 seconds.
  path: Assets/Stuff/Houses/House 12.prefab
  artifactKey: Guid(0fc31e5e40967634f95794d73c644463) Importer(815301076,1909f56bfc062723c751e8b465ee728b)
Start importing Assets/Stuff/Houses/House 12.prefab using Guid(0fc31e5e40967634f95794d73c644463) Importer(815301076,1909f56bfc062723c751e8b465ee728b)  -> (artifact id: 'bbb8c12aa6faf841eceb30562de6889d') in 0.013631 seconds
Number of updated asset objects reloaded before import = 0
Number of asset objects unloaded after import = 14
========================================================================
Received Import Request.
  Time since last request: 0.000055 seconds.
  path: Assets/Stuff/Houses/House 14.prefab
  artifactKey: Guid(f5ebf8004a949cb4dab8d7112eb5a5df) Importer(815301076,1909f56bfc062723c751e8b465ee728b)
Start importing Assets/Stuff/Houses/House 14.prefab using Guid(f5ebf8004a949cb4dab8d7112eb5a5df) Importer(815301076,1909f56bfc062723c751e8b465ee728b)  -> (artifact id: '994f92a17920f90b238af268845319f5') in 0.017338 seconds
Number of updated asset objects reloaded before import = 0
Number of asset objects unloaded after import = 14
========================================================================
Received Import Request.
  Time since last request: 0.000033 seconds.
  path: Assets/Stuff/Houses/House 9.prefab
  artifactKey: Guid(7b30673aa5959e54da500f7ad43b8f5c) Importer(815301076,1909f56bfc062723c751e8b465ee728b)
Start importing Assets/Stuff/Houses/House 9.prefab using Guid(7b30673aa5959e54da500f7ad43b8f5c) Importer(815301076,1909f56bfc062723c751e8b465ee728b)  -> (artifact id: 'd945c2cd09ba4a3d92b3e8b3c85ab919') in 0.011877 seconds
Number of updated asset objects reloaded before import = 0
Number of asset objects unloaded after import = 14
========================================================================
Received Import Request.
  Time since last request: 0.000019 seconds.
  path: Assets/Stuff/Houses/House 10.prefab
  artifactKey: Guid(ecee25394617c4b45bf76c26394b763e) Importer(815301076,1909f56bfc062723c751e8b465ee728b)
Start importing Assets/Stuff/Houses/House 10.prefab using Guid(ecee25394617c4b45bf76c26394b763e) Importer(815301076,1909f56bfc062723c751e8b465ee728b)  -> (artifact id: '8ed163121e71ed7f7942bf6c38a99010') in 0.016267 seconds
Number of updated asset objects reloaded before import = 0
Number of asset objects unloaded after import = 14
========================================================================
Received Import Request.
  Time since last request: 0.000031 seconds.
  path: Assets/Stuff/Houses/House 4.prefab
  artifactKey: Guid(779cb7a0b0ad04f47af0f2c2c28fcef4) Importer(815301076,1909f56bfc062723c751e8b465ee728b)
Start importing Assets/Stuff/Houses/House 4.prefab using Guid(779cb7a0b0ad04f47af0f2c2c28fcef4) Importer(815301076,1909f56bfc062723c751e8b465ee728b)  -> (artifact id: 'bc1cb8d7dbf448df24dfcec3f5469d8d') in 0.014923 seconds
Number of updated asset objects reloaded before import = 0
Number of asset objects unloaded after import = 14
========================================================================
Received Import Request.
  Time since last request: 0.000020 seconds.
  path: Assets/Stuff/Houses/House 6.prefab
  artifactKey: Guid(0e5f746d27ba03242969fc0cd4121a3a) Importer(815301076,1909f56bfc062723c751e8b465ee728b)
Start importing Assets/Stuff/Houses/House 6.prefab using Guid(0e5f746d27ba03242969fc0cd4121a3a) Importer(815301076,1909f56bfc062723c751e8b465ee728b)  -> (artifact id: 'd7e4e3fd88506284835863dfff94b898') in 0.012282 seconds
Number of updated asset objects reloaded before import = 0
Number of asset objects unloaded after import = 14
Editor requested this worker to shutdown with reason: Scaling down because of idle timeout
TcpMessagingSession - receive error: operation aborted. errorcode: 995, details: The I/O operation has been aborted because of either a thread exit or an application request.
AssetImportWorker is now disconnected from the server
Process exiting
Exiting without the bug reporter. Application will terminate with return code 0